17:22:32 **** Incremental Build of configuration Debug for project lpc_chip_8xx ****
make -r all 
make: Nothing to be done for `all'.
17:22:36 **** Incremental Build of configuration Debug for project LPC812 ****
make -r all 
Building file: ../src/LPC812.cpp
Invoking: MCU C++ Compiler
arm-none-eabi-c++ -D__NEWLIB__ -DDEBUG -D__CODE_RED -DCORE_M0PLUS -D__MTB_DISABLE -D__MTB_BUFFER_SIZE=256 -D__USE_LPCOPEN -DNO_BOARD_LIB -DCPP_USE_HEAP -D__LPC8XX__ -I"C:\Users\pc-hp\Documents\LPC812\CPP_CODES\lpc_chip_8xx\inc" -O0 -g3 -Wall -c -fmessage-length=0 -fno-builtin -ffunction-sections -fdata-sections -fno-rtti -fno-exceptions -mcpu=cortex-m0 -mthumb -MMD -MP -MF"src/LPC812.d" -MT"src/LPC812.o" -MT"src/LPC812.d" -o "src/LPC812.o" "../src/LPC812.cpp"
Finished building: ../src/LPC812.cpp
 
Building target: LPC812.axf
Invoking: MCU C++ Linker
arm-none-eabi-c++ -nostdlib -L"C:\Users\pc-hp\Documents\LPC812\CPP_CODES\lpc_chip_8xx\Debug" -Xlinker -Map="LPC812.map" -Xlinker --gc-sections -mcpu=cortex-m0 -mthumb -T "LPC812_Debug.ld" -o "LPC812.axf"  ./src/LPC812.o ./src/cr_cpp_config.o ./src/cr_startup_lpc8xx.o ./src/crp.o ./src/mtb.o ./src/sysinit.o   -llpc_chip_8xx
Finished building target: LPC812.axf
 
make --no-print-directory post-build
Performing post-build steps
arm-none-eabi-size "LPC812.axf"; # arm-none-eabi-objcopy -v -O binary "LPC812.axf" "LPC812.bin" ; # checksum -p LPC812 -d "LPC812.bin";
   text	   data	    bss	    dec	    hex	filename
   2136	      0	     36	   2172	    87c	LPC812.axf
 
17:22:45 **** Incremental Build of configuration Debug for project lpc_chip_8xx ****
make -r all 
make: Nothing to be done for `all'.
17:22:48 **** Incremental Build of configuration Debug for project LPC812 ****
make -r all 
make: Nothing to be done for `all'.
