13:37:54 **** Incremental Build of configuration Debug for project LPC812_ASSEMBLY ****
make -r all 
Building file: ../src/memory.s
Invoking: MCU Assembler
arm-none-eabi-gcc -c -x assembler-with-cpp -DDEBUG -D__CODE_RED -DCORE_M0PLUS -D__LPC8XX__ -D__REDLIB__ -g3 -mcpu=cortex-m0 -mthumb -specs=redlib.specs -o "src/memory.o" "../src/memory.s"
Finished building: ../src/memory.s
 
Building target: LPC812_ASSEMBLY.axf
Invoking: MCU Linker
arm-none-eabi-gcc -nostdlib -Xlinker -Map="LPC812_ASSEMBLY.map" -Xlinker --gc-sections -mcpu=cortex-m0 -mthumb -T "assembly_Debug.ld" -o "LPC812_ASSEMBLY.axf"  ./src/arithmatic.o ./src/logic.o ./src/main.o ./src/memory.o   
Finished building target: LPC812_ASSEMBLY.axf
 
make --no-print-directory post-build
Performing post-build steps
arm-none-eabi-size "LPC812_ASSEMBLY.axf"; # arm-none-eabi-objcopy -v -O binary "LPC812_ASSEMBLY.axf" "LPC812_ASSEMBLY.bin" ; # checksum -p LPC812 -d "LPC812_ASSEMBLY.bin";
   text	   data	    bss	    dec	    hex	filename
    292	      0	      0	    292	    124	LPC812_ASSEMBLY.axf
 
13:38:08 **** Incremental Build of configuration Debug for project LPC812_ASSEMBLY ****
make -r all 
make: Nothing to be done for `all'.
