10:14:35 **** Incremental Build of configuration Debug for project LPC812_ASSEMBLY ****
make -r all 
Building file: ../src/logic.s
Invoking: MCU Assembler
arm-none-eabi-gcc -c -x assembler-with-cpp -DDEBUG -D__CODE_RED -DCORE_M0PLUS -D__LPC8XX__ -D__REDLIB__ -g3 -mcpu=cortex-m0 -mthumb -specs=redlib.specs -o "src/logic.o" "../src/logic.s"
Finished building: ../src/logic.s
 
Building file: ../src/main.s
Invoking: MCU Assembler
arm-none-eabi-gcc -c -x assembler-with-cpp -DDEBUG -D__CODE_RED -DCORE_M0PLUS -D__LPC8XX__ -D__REDLIB__ -g3 -mcpu=cortex-m0 -mthumb -specs=redlib.specs -o "src/main.o" "../src/main.s"
Finished building: ../src/main.s
 
Building target: LPC812_ASSEMBLY.axf
Invoking: MCU Linker
arm-none-eabi-gcc -nostdlib -Xlinker -Map="LPC812_ASSEMBLY.map" -Xlinker --gc-sections -mcpu=cortex-m0 -mthumb -T "assembly_Debug.ld" -o "LPC812_ASSEMBLY.axf"  ./src/arithmatic.o ./src/logic.o ./src/main.o   
Finished building target: LPC812_ASSEMBLY.axf
 
make --no-print-directory post-build
Performing post-build steps
arm-none-eabi-size "LPC812_ASSEMBLY.axf"; # arm-none-eabi-objcopy -v -O binary "LPC812_ASSEMBLY.axf" "LPC812_ASSEMBLY.bin" ; # checksum -p LPC812 -d "LPC812_ASSEMBLY.bin";
   text	   data	    bss	    dec	    hex	filename
    124	      0	      0	    124	     7c	LPC812_ASSEMBLY.axf
 
