Archive member included because of file (symbol)

C:\Users\pc-hp\Documents\LPC812\SYSTICK\lpc_chip_8xx\Debug\liblpc_chip_8xx.a(gpio_8xx.o)
                              ./src/main.o (Chip_GPIO_Init)
C:\Users\pc-hp\Documents\LPC812\SYSTICK\lpc_chip_8xx\Debug\liblpc_chip_8xx.a(sysinit_8xx.o)
                              ./src/sysinit.o (Chip_SystemInit)
C:\Users\pc-hp\Documents\LPC812\SYSTICK\lpc_chip_8xx\Debug\liblpc_chip_8xx.a(clock_8xx.o)
                              C:\Users\pc-hp\Documents\LPC812\SYSTICK\lpc_chip_8xx\Debug\liblpc_chip_8xx.a(sysinit_8xx.o) (Chip_Clock_SetSystemPLLSource)
C:\Users\pc-hp\Documents\LPC812\SYSTICK\lpc_chip_8xx\Debug\liblpc_chip_8xx.a(syscon_8xx.o)
                              C:\Users\pc-hp\Documents\LPC812\SYSTICK\lpc_chip_8xx\Debug\liblpc_chip_8xx.a(sysinit_8xx.o) (Chip_SYSCTL_PowerDown)
c:/nxp/lpcxpresso_7.6.2_326/lpcxpresso/tools/bin/../lib/gcc/arm-none-eabi/4.9.3/../../../../arm-none-eabi/lib/armv6-m\libcr_c.a(__weak__main.o)
                              ./src/cr_startup_lpc8xx.o (__main)
c:/nxp/lpcxpresso_7.6.2_326/lpcxpresso/tools/bin/../lib/gcc/arm-none-eabi/4.9.3/armv6-m\libcr_eabihelpers.a(division_32.o)
                              C:\Users\pc-hp\Documents\LPC812\SYSTICK\lpc_chip_8xx\Debug\liblpc_chip_8xx.a(clock_8xx.o) (__aeabi_uidiv)
c:/nxp/lpcxpresso_7.6.2_326/lpcxpresso/tools/bin/../lib/gcc/arm-none-eabi/4.9.3/armv6-m\libcr_eabihelpers.a(division_64.o)
                              C:\Users\pc-hp\Documents\LPC812\SYSTICK\lpc_chip_8xx\Debug\liblpc_chip_8xx.a(clock_8xx.o) (__aeabi_uldivmod)
c:/nxp/lpcxpresso_7.6.2_326/lpcxpresso/tools/bin/../lib/gcc/arm-none-eabi/4.9.3/armv6-m\libcr_eabihelpers.a(division_idiv0.o)
                              c:/nxp/lpcxpresso_7.6.2_326/lpcxpresso/tools/bin/../lib/gcc/arm-none-eabi/4.9.3/armv6-m\libcr_eabihelpers.a(division_32.o) (__aeabi_idiv0)

Discarded input sections

 .group         0x00000000        0x8 ./src/cr_startup_lpc8xx.o
 .text          0x00000000        0x0 ./src/cr_startup_lpc8xx.o
 .data          0x00000000        0x0 ./src/cr_startup_lpc8xx.o
 .bss           0x00000000        0x0 ./src/cr_startup_lpc8xx.o
 .group         0x00000000        0x8 ./src/crp.o
 .group         0x00000000        0x8 ./src/crp.o
 .text          0x00000000        0x0 ./src/crp.o
 .data          0x00000000        0x0 ./src/crp.o
 .bss           0x00000000        0x0 ./src/crp.o
 .debug_macro   0x00000000      0x850 ./src/crp.o
 .group         0x00000000        0x8 ./src/main.o
 .group         0x00000000        0x8 ./src/main.o
 .group         0x00000000        0x8 ./src/main.o
 .group         0x00000000        0x8 ./src/main.o
 .group         0x00000000        0x8 ./src/main.o
 .group         0x00000000        0x8 ./src/main.o
 .group         0x00000000        0x8 ./src/main.o
 .group         0x00000000        0x8 ./src/main.o
 .group         0x00000000        0x8 ./src/main.o
 .group         0x00000000        0x8 ./src/main.o
 .group         0x00000000        0x8 ./src/main.o
 .group         0x00000000        0x8 ./src/main.o
 .group         0x00000000        0x8 ./src/main.o
 .group         0x00000000        0x8 ./src/main.o
 .group         0x00000000        0x8 ./src/main.o
 .group         0x00000000        0x8 ./src/main.o
 .group         0x00000000        0x8 ./src/main.o
 .group         0x00000000        0x8 ./src/main.o
 .group         0x00000000        0x8 ./src/main.o
 .group         0x00000000        0x8 ./src/main.o
 .group         0x00000000        0x8 ./src/main.o
 .group         0x00000000        0x8 ./src/main.o
 .group         0x00000000        0x8 ./src/main.o
 .group         0x00000000        0x8 ./src/main.o
 .group         0x00000000        0x8 ./src/main.o
 .group         0x00000000        0x8 ./src/main.o
 .group         0x00000000        0x8 ./src/main.o
 .group         0x00000000        0x8 ./src/main.o
 .group         0x00000000        0x8 ./src/main.o
 .group         0x00000000        0x8 ./src/main.o
 .group         0x00000000        0x8 ./src/main.o
 .group         0x00000000        0x8 ./src/main.o
 .group         0x00000000        0x8 ./src/main.o
 .group         0x00000000        0x8 ./src/main.o
 .group         0x00000000        0x8 ./src/main.o
 .text          0x00000000        0x0 ./src/main.o
 .data          0x00000000        0x0 ./src/main.o
 .bss           0x00000000        0x0 ./src/main.o
 .debug_macro   0x00000000      0x850 ./src/main.o
 .group         0x00000000        0x8 ./src/mtb.o
 .group         0x00000000        0x8 ./src/mtb.o
 .group         0x00000000        0x8 ./src/mtb.o
 .text          0x00000000        0x0 ./src/mtb.o
 .data          0x00000000        0x0 ./src/mtb.o
 .bss           0x00000000        0x0 ./src/mtb.o
 .debug_macro   0x00000000      0x850 ./src/mtb.o
 .group         0x00000000        0x8 ./src/sysinit.o
 .group         0x00000000        0x8 ./src/sysinit.o
 .group         0x00000000        0x8 ./src/sysinit.o
 .group         0x00000000        0x8 ./src/sysinit.o
 .group         0x00000000        0x8 ./src/sysinit.o
 .group         0x00000000        0x8 ./src/sysinit.o
 .group         0x00000000        0x8 ./src/sysinit.o
 .group         0x00000000        0x8 ./src/sysinit.o
 .group         0x00000000        0x8 ./src/sysinit.o
 .group         0x00000000        0x8 ./src/sysinit.o
 .group         0x00000000        0x8 ./src/sysinit.o
 .group         0x00000000        0x8 ./src/sysinit.o
 .group         0x00000000        0x8 ./src/sysinit.o
 .group         0x00000000        0x8 ./src/sysinit.o
 .group         0x00000000        0x8 ./src/sysinit.o
 .group         0x00000000        0x8 ./src/sysinit.o
 .group         0x00000000        0x8 ./src/sysinit.o
 .group         0x00000000        0x8 ./src/sysinit.o
 .group         0x00000000        0x8 ./src/sysinit.o
 .group         0x00000000        0x8 ./src/sysinit.o
 .group         0x00000000        0x8 ./src/sysinit.o
 .group         0x00000000        0x8 ./src/sysinit.o
 .group         0x00000000        0x8 ./src/sysinit.o
 .group         0x00000000        0x8 ./src/sysinit.o
 .group         0x00000000        0x8 ./src/sysinit.o
 .group         0x00000000        0x8 ./src/sysinit.o
 .group         0x00000000        0x8 ./src/sysinit.o
 .group         0x00000000        0x8 ./src/sysinit.o
 .group         0x00000000        0x8 ./src/sysinit.o
 .group         0x00000000        0x8 ./src/sysinit.o
 .group         0x00000000        0x8 ./src/sysinit.o
 .group         0x00000000        0x8 ./src/sysinit.o
 .group         0x00000000        0x8 ./src/sysinit.o
 .group         0x00000000        0x8 ./src/sysinit.o
 .group         0x00000000        0x8 ./src/sysinit.o
 .text          0x00000000        0x0 ./src/sysinit.o
 .data          0x00000000        0x0 ./src/sysinit.o
 .bss           0x00000000        0x0 ./src/sysinit.o
 .rodata.OscRateIn
                0x00000000        0x4 ./src/sysinit.o
 .rodata.ExtRateIn
                0x00000000        0x4 ./src/sysinit.o
 .debug_macro   0x00000000      0x850 ./src/sysinit.o
 .debug_macro   0x00000000       0x10 ./src/sysinit.o
 .debug_macro   0x00000000      0x12d ./src/sysinit.o
 .debug_macro   0x00000000      0x5b2 ./src/sysinit.o
 .debug_macro   0x00000000       0x22 ./src/sysinit.o
 .debug_macro   0x00000000       0x7b ./src/sysinit.o
 .debug_macro   0x00000000       0x10 ./src/sysinit.o
 .debug_macro   0x00000000       0x28 ./src/sysinit.o
 .debug_macro   0x00000000       0x3a ./src/sysinit.o
 .debug_macro   0x00000000       0x1f ./src/sysinit.o
 .debug_macro   0x00000000      0x250 ./src/sysinit.o
 .debug_macro   0x00000000      0x145 ./src/sysinit.o
 .debug_macro   0x00000000       0xca ./src/sysinit.o
 .debug_macro   0x00000000       0x6a ./src/sysinit.o
 .debug_macro   0x00000000       0x70 ./src/sysinit.o
 .debug_macro   0x00000000       0x28 ./src/sysinit.o
 .debug_macro   0x00000000      0x190 ./src/sysinit.o
 .debug_macro   0x00000000       0x1c ./src/sysinit.o
 .debug_macro   0x00000000       0x64 ./src/sysinit.o
 .debug_macro   0x00000000       0x10 ./src/sysinit.o
 .debug_macro   0x00000000       0x22 ./src/sysinit.o
 .debug_macro   0x00000000       0xb2 ./src/sysinit.o
 .debug_macro   0x00000000       0x58 ./src/sysinit.o
 .debug_macro   0x00000000       0x58 ./src/sysinit.o
 .debug_macro   0x00000000       0x6a ./src/sysinit.o
 .debug_macro   0x00000000       0x82 ./src/sysinit.o
 .debug_macro   0x00000000       0x16 ./src/sysinit.o
 .debug_macro   0x00000000      0x131 ./src/sysinit.o
 .debug_macro   0x00000000       0x22 ./src/sysinit.o
 .debug_macro   0x00000000       0x52 ./src/sysinit.o
 .debug_macro   0x00000000      0x181 ./src/sysinit.o
 .debug_macro   0x00000000      0x289 ./src/sysinit.o
 .debug_macro   0x00000000      0x28b ./src/sysinit.o
 .debug_macro   0x00000000       0x2e ./src/sysinit.o
 .debug_macro   0x00000000       0x22 ./src/sysinit.o
 .group         0x00000000        0x8 C:\Users\pc-hp\Documents\LPC812\SYSTICK\lpc_chip_8xx\Debug\liblpc_chip_8xx.a(gpio_8xx.o)
 .group         0x00000000        0x8 C:\Users\pc-hp\Documents\LPC812\SYSTICK\lpc_chip_8xx\Debug\liblpc_chip_8xx.a(gpio_8xx.o)
 .group         0x00000000        0x8 C:\Users\pc-hp\Documents\LPC812\SYSTICK\lpc_chip_8xx\Debug\liblpc_chip_8xx.a(gpio_8xx.o)
 .group         0x00000000        0x8 C:\Users\pc-hp\Documents\LPC812\SYSTICK\lpc_chip_8xx\Debug\liblpc_chip_8xx.a(gpio_8xx.o)
 .group         0x00000000        0x8 C:\Users\pc-hp\Documents\LPC812\SYSTICK\lpc_chip_8xx\Debug\liblpc_chip_8xx.a(gpio_8xx.o)
 .group         0x00000000        0x8 C:\Users\pc-hp\Documents\LPC812\SYSTICK\lpc_chip_8xx\Debug\liblpc_chip_8xx.a(gpio_8xx.o)
 .group         0x00000000        0x8 C:\Users\pc-hp\Documents\LPC812\SYSTICK\lpc_chip_8xx\Debug\liblpc_chip_8xx.a(gpio_8xx.o)
 .group         0x00000000        0x8 C:\Users\pc-hp\Documents\LPC812\SYSTICK\lpc_chip_8xx\Debug\liblpc_chip_8xx.a(gpio_8xx.o)
 .group         0x00000000        0x8 C:\Users\pc-hp\Documents\LPC812\SYSTICK\lpc_chip_8xx\Debug\liblpc_chip_8xx.a(gpio_8xx.o)
 .group         0x00000000        0x8 C:\Users\pc-hp\Documents\LPC812\SYSTICK\lpc_chip_8xx\Debug\liblpc_chip_8xx.a(gpio_8xx.o)
 .group         0x00000000        0x8 C:\Users\pc-hp\Documents\LPC812\SYSTICK\lpc_chip_8xx\Debug\liblpc_chip_8xx.a(gpio_8xx.o)
 .group         0x00000000        0x8 C:\Users\pc-hp\Documents\LPC812\SYSTICK\lpc_chip_8xx\Debug\liblpc_chip_8xx.a(gpio_8xx.o)
 .group         0x00000000        0x8 C:\Users\pc-hp\Documents\LPC812\SYSTICK\lpc_chip_8xx\Debug\liblpc_chip_8xx.a(gpio_8xx.o)
 .group         0x00000000        0x8 C:\Users\pc-hp\Documents\LPC812\SYSTICK\lpc_chip_8xx\Debug\liblpc_chip_8xx.a(gpio_8xx.o)
 .group         0x00000000        0x8 C:\Users\pc-hp\Documents\LPC812\SYSTICK\lpc_chip_8xx\Debug\liblpc_chip_8xx.a(gpio_8xx.o)
 .group         0x00000000        0x8 C:\Users\pc-hp\Documents\LPC812\SYSTICK\lpc_chip_8xx\Debug\liblpc_chip_8xx.a(gpio_8xx.o)
 .group         0x00000000        0x8 C:\Users\pc-hp\Documents\LPC812\SYSTICK\lpc_chip_8xx\Debug\liblpc_chip_8xx.a(gpio_8xx.o)
 .group         0x00000000        0x8 C:\Users\pc-hp\Documents\LPC812\SYSTICK\lpc_chip_8xx\Debug\liblpc_chip_8xx.a(gpio_8xx.o)
 .group         0x00000000        0x8 C:\Users\pc-hp\Documents\LPC812\SYSTICK\lpc_chip_8xx\Debug\liblpc_chip_8xx.a(gpio_8xx.o)
 .group         0x00000000        0x8 C:\Users\pc-hp\Documents\LPC812\SYSTICK\lpc_chip_8xx\Debug\liblpc_chip_8xx.a(gpio_8xx.o)
 .group         0x00000000        0x8 C:\Users\pc-hp\Documents\LPC812\SYSTICK\lpc_chip_8xx\Debug\liblpc_chip_8xx.a(gpio_8xx.o)
 .group         0x00000000        0x8 C:\Users\pc-hp\Documents\LPC812\SYSTICK\lpc_chip_8xx\Debug\liblpc_chip_8xx.a(gpio_8xx.o)
 .group         0x00000000        0x8 C:\Users\pc-hp\Documents\LPC812\SYSTICK\lpc_chip_8xx\Debug\liblpc_chip_8xx.a(gpio_8xx.o)
 .group         0x00000000        0x8 C:\Users\pc-hp\Documents\LPC812\SYSTICK\lpc_chip_8xx\Debug\liblpc_chip_8xx.a(gpio_8xx.o)
 .group         0x00000000        0x8 C:\Users\pc-hp\Documents\LPC812\SYSTICK\lpc_chip_8xx\Debug\liblpc_chip_8xx.a(gpio_8xx.o)
 .group         0x00000000        0x8 C:\Users\pc-hp\Documents\LPC812\SYSTICK\lpc_chip_8xx\Debug\liblpc_chip_8xx.a(gpio_8xx.o)
 .group         0x00000000        0x8 C:\Users\pc-hp\Documents\LPC812\SYSTICK\lpc_chip_8xx\Debug\liblpc_chip_8xx.a(gpio_8xx.o)
 .group         0x00000000        0x8 C:\Users\pc-hp\Documents\LPC812\SYSTICK\lpc_chip_8xx\Debug\liblpc_chip_8xx.a(gpio_8xx.o)
 .group         0x00000000        0x8 C:\Users\pc-hp\Documents\LPC812\SYSTICK\lpc_chip_8xx\Debug\liblpc_chip_8xx.a(gpio_8xx.o)
 .group         0x00000000        0x8 C:\Users\pc-hp\Documents\LPC812\SYSTICK\lpc_chip_8xx\Debug\liblpc_chip_8xx.a(gpio_8xx.o)
 .group         0x00000000        0x8 C:\Users\pc-hp\Documents\LPC812\SYSTICK\lpc_chip_8xx\Debug\liblpc_chip_8xx.a(gpio_8xx.o)
 .group         0x00000000        0x8 C:\Users\pc-hp\Documents\LPC812\SYSTICK\lpc_chip_8xx\Debug\liblpc_chip_8xx.a(gpio_8xx.o)
 .group         0x00000000        0x8 C:\Users\pc-hp\Documents\LPC812\SYSTICK\lpc_chip_8xx\Debug\liblpc_chip_8xx.a(gpio_8xx.o)
 .group         0x00000000        0x8 C:\Users\pc-hp\Documents\LPC812\SYSTICK\lpc_chip_8xx\Debug\liblpc_chip_8xx.a(gpio_8xx.o)
 .group         0x00000000        0x8 C:\Users\pc-hp\Documents\LPC812\SYSTICK\lpc_chip_8xx\Debug\liblpc_chip_8xx.a(gpio_8xx.o)
 .text          0x00000000        0x0 C:\Users\pc-hp\Documents\LPC812\SYSTICK\lpc_chip_8xx\Debug\liblpc_chip_8xx.a(gpio_8xx.o)
 .data          0x00000000        0x0 C:\Users\pc-hp\Documents\LPC812\SYSTICK\lpc_chip_8xx\Debug\liblpc_chip_8xx.a(gpio_8xx.o)
 .bss           0x00000000        0x0 C:\Users\pc-hp\Documents\LPC812\SYSTICK\lpc_chip_8xx\Debug\liblpc_chip_8xx.a(gpio_8xx.o)
 .text.Chip_Clock_DisablePeriphClock
                0x00000000       0x3c C:\Users\pc-hp\Documents\LPC812\SYSTICK\lpc_chip_8xx\Debug\liblpc_chip_8xx.a(gpio_8xx.o)
 .text.Chip_GPIO_DeInit
                0x00000000       0x14 C:\Users\pc-hp\Documents\LPC812\SYSTICK\lpc_chip_8xx\Debug\liblpc_chip_8xx.a(gpio_8xx.o)
 .debug_macro   0x00000000       0x10 C:\Users\pc-hp\Documents\LPC812\SYSTICK\lpc_chip_8xx\Debug\liblpc_chip_8xx.a(gpio_8xx.o)
 .debug_macro   0x00000000      0x12d C:\Users\pc-hp\Documents\LPC812\SYSTICK\lpc_chip_8xx\Debug\liblpc_chip_8xx.a(gpio_8xx.o)
 .debug_macro   0x00000000      0x5b2 C:\Users\pc-hp\Documents\LPC812\SYSTICK\lpc_chip_8xx\Debug\liblpc_chip_8xx.a(gpio_8xx.o)
 .debug_macro   0x00000000       0x22 C:\Users\pc-hp\Documents\LPC812\SYSTICK\lpc_chip_8xx\Debug\liblpc_chip_8xx.a(gpio_8xx.o)
 .debug_macro   0x00000000       0x7b C:\Users\pc-hp\Documents\LPC812\SYSTICK\lpc_chip_8xx\Debug\liblpc_chip_8xx.a(gpio_8xx.o)
 .debug_macro   0x00000000       0x10 C:\Users\pc-hp\Documents\LPC812\SYSTICK\lpc_chip_8xx\Debug\liblpc_chip_8xx.a(gpio_8xx.o)
 .debug_macro   0x00000000       0x28 C:\Users\pc-hp\Documents\LPC812\SYSTICK\lpc_chip_8xx\Debug\liblpc_chip_8xx.a(gpio_8xx.o)
 .debug_macro   0x00000000       0x3a C:\Users\pc-hp\Documents\LPC812\SYSTICK\lpc_chip_8xx\Debug\liblpc_chip_8xx.a(gpio_8xx.o)
 .debug_macro   0x00000000       0x1f C:\Users\pc-hp\Documents\LPC812\SYSTICK\lpc_chip_8xx\Debug\liblpc_chip_8xx.a(gpio_8xx.o)
 .debug_macro   0x00000000      0x250 C:\Users\pc-hp\Documents\LPC812\SYSTICK\lpc_chip_8xx\Debug\liblpc_chip_8xx.a(gpio_8xx.o)
 .debug_macro   0x00000000      0x145 C:\Users\pc-hp\Documents\LPC812\SYSTICK\lpc_chip_8xx\Debug\liblpc_chip_8xx.a(gpio_8xx.o)
 .debug_macro   0x00000000       0xca C:\Users\pc-hp\Documents\LPC812\SYSTICK\lpc_chip_8xx\Debug\liblpc_chip_8xx.a(gpio_8xx.o)
 .debug_macro   0x00000000       0x6a C:\Users\pc-hp\Documents\LPC812\SYSTICK\lpc_chip_8xx\Debug\liblpc_chip_8xx.a(gpio_8xx.o)
 .debug_macro   0x00000000       0x70 C:\Users\pc-hp\Documents\LPC812\SYSTICK\lpc_chip_8xx\Debug\liblpc_chip_8xx.a(gpio_8xx.o)
 .debug_macro   0x00000000       0x28 C:\Users\pc-hp\Documents\LPC812\SYSTICK\lpc_chip_8xx\Debug\liblpc_chip_8xx.a(gpio_8xx.o)
 .debug_macro   0x00000000      0x190 C:\Users\pc-hp\Documents\LPC812\SYSTICK\lpc_chip_8xx\Debug\liblpc_chip_8xx.a(gpio_8xx.o)
 .debug_macro   0x00000000       0x1c C:\Users\pc-hp\Documents\LPC812\SYSTICK\lpc_chip_8xx\Debug\liblpc_chip_8xx.a(gpio_8xx.o)
 .debug_macro   0x00000000       0x64 C:\Users\pc-hp\Documents\LPC812\SYSTICK\lpc_chip_8xx\Debug\liblpc_chip_8xx.a(gpio_8xx.o)
 .debug_macro   0x00000000       0x10 C:\Users\pc-hp\Documents\LPC812\SYSTICK\lpc_chip_8xx\Debug\liblpc_chip_8xx.a(gpio_8xx.o)
 .debug_macro   0x00000000       0x22 C:\Users\pc-hp\Documents\LPC812\SYSTICK\lpc_chip_8xx\Debug\liblpc_chip_8xx.a(gpio_8xx.o)
 .debug_macro   0x00000000       0xb2 C:\Users\pc-hp\Documents\LPC812\SYSTICK\lpc_chip_8xx\Debug\liblpc_chip_8xx.a(gpio_8xx.o)
 .debug_macro   0x00000000       0x58 C:\Users\pc-hp\Documents\LPC812\SYSTICK\lpc_chip_8xx\Debug\liblpc_chip_8xx.a(gpio_8xx.o)
 .debug_macro   0x00000000       0x58 C:\Users\pc-hp\Documents\LPC812\SYSTICK\lpc_chip_8xx\Debug\liblpc_chip_8xx.a(gpio_8xx.o)
 .debug_macro   0x00000000       0x6a C:\Users\pc-hp\Documents\LPC812\SYSTICK\lpc_chip_8xx\Debug\liblpc_chip_8xx.a(gpio_8xx.o)
 .debug_macro   0x00000000       0x82 C:\Users\pc-hp\Documents\LPC812\SYSTICK\lpc_chip_8xx\Debug\liblpc_chip_8xx.a(gpio_8xx.o)
 .debug_macro   0x00000000       0x16 C:\Users\pc-hp\Documents\LPC812\SYSTICK\lpc_chip_8xx\Debug\liblpc_chip_8xx.a(gpio_8xx.o)
 .debug_macro   0x00000000      0x131 C:\Users\pc-hp\Documents\LPC812\SYSTICK\lpc_chip_8xx\Debug\liblpc_chip_8xx.a(gpio_8xx.o)
 .debug_macro   0x00000000       0x22 C:\Users\pc-hp\Documents\LPC812\SYSTICK\lpc_chip_8xx\Debug\liblpc_chip_8xx.a(gpio_8xx.o)
 .debug_macro   0x00000000       0x52 C:\Users\pc-hp\Documents\LPC812\SYSTICK\lpc_chip_8xx\Debug\liblpc_chip_8xx.a(gpio_8xx.o)
 .debug_macro   0x00000000      0x181 C:\Users\pc-hp\Documents\LPC812\SYSTICK\lpc_chip_8xx\Debug\liblpc_chip_8xx.a(gpio_8xx.o)
 .debug_macro   0x00000000      0x289 C:\Users\pc-hp\Documents\LPC812\SYSTICK\lpc_chip_8xx\Debug\liblpc_chip_8xx.a(gpio_8xx.o)
 .debug_macro   0x00000000      0x28b C:\Users\pc-hp\Documents\LPC812\SYSTICK\lpc_chip_8xx\Debug\liblpc_chip_8xx.a(gpio_8xx.o)
 .debug_macro   0x00000000       0x2e C:\Users\pc-hp\Documents\LPC812\SYSTICK\lpc_chip_8xx\Debug\liblpc_chip_8xx.a(gpio_8xx.o)
 .debug_macro   0x00000000       0x22 C:\Users\pc-hp\Documents\LPC812\SYSTICK\lpc_chip_8xx\Debug\liblpc_chip_8xx.a(gpio_8xx.o)
 .group         0x00000000        0x8 C:\Users\pc-hp\Documents\LPC812\SYSTICK\lpc_chip_8xx\Debug\liblpc_chip_8xx.a(sysinit_8xx.o)
 .group         0x00000000        0x8 C:\Users\pc-hp\Documents\LPC812\SYSTICK\lpc_chip_8xx\Debug\liblpc_chip_8xx.a(sysinit_8xx.o)
 .group         0x00000000        0x8 C:\Users\pc-hp\Documents\LPC812\SYSTICK\lpc_chip_8xx\Debug\liblpc_chip_8xx.a(sysinit_8xx.o)
 .group         0x00000000        0x8 C:\Users\pc-hp\Documents\LPC812\SYSTICK\lpc_chip_8xx\Debug\liblpc_chip_8xx.a(sysinit_8xx.o)
 .group         0x00000000        0x8 C:\Users\pc-hp\Documents\LPC812\SYSTICK\lpc_chip_8xx\Debug\liblpc_chip_8xx.a(sysinit_8xx.o)
 .group         0x00000000        0x8 C:\Users\pc-hp\Documents\LPC812\SYSTICK\lpc_chip_8xx\Debug\liblpc_chip_8xx.a(sysinit_8xx.o)
 .group         0x00000000        0x8 C:\Users\pc-hp\Documents\LPC812\SYSTICK\lpc_chip_8xx\Debug\liblpc_chip_8xx.a(sysinit_8xx.o)
 .group         0x00000000        0x8 C:\Users\pc-hp\Documents\LPC812\SYSTICK\lpc_chip_8xx\Debug\liblpc_chip_8xx.a(sysinit_8xx.o)
 .group         0x00000000        0x8 C:\Users\pc-hp\Documents\LPC812\SYSTICK\lpc_chip_8xx\Debug\liblpc_chip_8xx.a(sysinit_8xx.o)
 .group         0x00000000        0x8 C:\Users\pc-hp\Documents\LPC812\SYSTICK\lpc_chip_8xx\Debug\liblpc_chip_8xx.a(sysinit_8xx.o)
 .group         0x00000000        0x8 C:\Users\pc-hp\Documents\LPC812\SYSTICK\lpc_chip_8xx\Debug\liblpc_chip_8xx.a(sysinit_8xx.o)
 .group         0x00000000        0x8 C:\Users\pc-hp\Documents\LPC812\SYSTICK\lpc_chip_8xx\Debug\liblpc_chip_8xx.a(sysinit_8xx.o)
 .group         0x00000000        0x8 C:\Users\pc-hp\Documents\LPC812\SYSTICK\lpc_chip_8xx\Debug\liblpc_chip_8xx.a(sysinit_8xx.o)
 .group         0x00000000        0x8 C:\Users\pc-hp\Documents\LPC812\SYSTICK\lpc_chip_8xx\Debug\liblpc_chip_8xx.a(sysinit_8xx.o)
 .group         0x00000000        0x8 C:\Users\pc-hp\Documents\LPC812\SYSTICK\lpc_chip_8xx\Debug\liblpc_chip_8xx.a(sysinit_8xx.o)
 .group         0x00000000        0x8 C:\Users\pc-hp\Documents\LPC812\SYSTICK\lpc_chip_8xx\Debug\liblpc_chip_8xx.a(sysinit_8xx.o)
 .group         0x00000000        0x8 C:\Users\pc-hp\Documents\LPC812\SYSTICK\lpc_chip_8xx\Debug\liblpc_chip_8xx.a(sysinit_8xx.o)
 .group         0x00000000        0x8 C:\Users\pc-hp\Documents\LPC812\SYSTICK\lpc_chip_8xx\Debug\liblpc_chip_8xx.a(sysinit_8xx.o)
 .group         0x00000000        0x8 C:\Users\pc-hp\Documents\LPC812\SYSTICK\lpc_chip_8xx\Debug\liblpc_chip_8xx.a(sysinit_8xx.o)
 .group         0x00000000        0x8 C:\Users\pc-hp\Documents\LPC812\SYSTICK\lpc_chip_8xx\Debug\liblpc_chip_8xx.a(sysinit_8xx.o)
 .group         0x00000000        0x8 C:\Users\pc-hp\Documents\LPC812\SYSTICK\lpc_chip_8xx\Debug\liblpc_chip_8xx.a(sysinit_8xx.o)
 .group         0x00000000        0x8 C:\Users\pc-hp\Documents\LPC812\SYSTICK\lpc_chip_8xx\Debug\liblpc_chip_8xx.a(sysinit_8xx.o)
 .group         0x00000000        0x8 C:\Users\pc-hp\Documents\LPC812\SYSTICK\lpc_chip_8xx\Debug\liblpc_chip_8xx.a(sysinit_8xx.o)
 .group         0x00000000        0x8 C:\Users\pc-hp\Documents\LPC812\SYSTICK\lpc_chip_8xx\Debug\liblpc_chip_8xx.a(sysinit_8xx.o)
 .group         0x00000000        0x8 C:\Users\pc-hp\Documents\LPC812\SYSTICK\lpc_chip_8xx\Debug\liblpc_chip_8xx.a(sysinit_8xx.o)
 .group         0x00000000        0x8 C:\Users\pc-hp\Documents\LPC812\SYSTICK\lpc_chip_8xx\Debug\liblpc_chip_8xx.a(sysinit_8xx.o)
 .group         0x00000000        0x8 C:\Users\pc-hp\Documents\LPC812\SYSTICK\lpc_chip_8xx\Debug\liblpc_chip_8xx.a(sysinit_8xx.o)
 .group         0x00000000        0x8 C:\Users\pc-hp\Documents\LPC812\SYSTICK\lpc_chip_8xx\Debug\liblpc_chip_8xx.a(sysinit_8xx.o)
 .group         0x00000000        0x8 C:\Users\pc-hp\Documents\LPC812\SYSTICK\lpc_chip_8xx\Debug\liblpc_chip_8xx.a(sysinit_8xx.o)
 .group         0x00000000        0x8 C:\Users\pc-hp\Documents\LPC812\SYSTICK\lpc_chip_8xx\Debug\liblpc_chip_8xx.a(sysinit_8xx.o)
 .group         0x00000000        0x8 C:\Users\pc-hp\Documents\LPC812\SYSTICK\lpc_chip_8xx\Debug\liblpc_chip_8xx.a(sysinit_8xx.o)
 .group         0x00000000        0x8 C:\Users\pc-hp\Documents\LPC812\SYSTICK\lpc_chip_8xx\Debug\liblpc_chip_8xx.a(sysinit_8xx.o)
 .group         0x00000000        0x8 C:\Users\pc-hp\Documents\LPC812\SYSTICK\lpc_chip_8xx\Debug\liblpc_chip_8xx.a(sysinit_8xx.o)
 .group         0x00000000        0x8 C:\Users\pc-hp\Documents\LPC812\SYSTICK\lpc_chip_8xx\Debug\liblpc_chip_8xx.a(sysinit_8xx.o)
 .group         0x00000000        0x8 C:\Users\pc-hp\Documents\LPC812\SYSTICK\lpc_chip_8xx\Debug\liblpc_chip_8xx.a(sysinit_8xx.o)
 .text          0x00000000        0x0 C:\Users\pc-hp\Documents\LPC812\SYSTICK\lpc_chip_8xx\Debug\liblpc_chip_8xx.a(sysinit_8xx.o)
 .data          0x00000000        0x0 C:\Users\pc-hp\Documents\LPC812\SYSTICK\lpc_chip_8xx\Debug\liblpc_chip_8xx.a(sysinit_8xx.o)
 .bss           0x00000000        0x0 C:\Users\pc-hp\Documents\LPC812\SYSTICK\lpc_chip_8xx\Debug\liblpc_chip_8xx.a(sysinit_8xx.o)
 .text.Chip_SetupXtalClocking
                0x00000000       0x58 C:\Users\pc-hp\Documents\LPC812\SYSTICK\lpc_chip_8xx\Debug\liblpc_chip_8xx.a(sysinit_8xx.o)
 .debug_macro   0x00000000      0x832 C:\Users\pc-hp\Documents\LPC812\SYSTICK\lpc_chip_8xx\Debug\liblpc_chip_8xx.a(sysinit_8xx.o)
 .debug_macro   0x00000000       0x10 C:\Users\pc-hp\Documents\LPC812\SYSTICK\lpc_chip_8xx\Debug\liblpc_chip_8xx.a(sysinit_8xx.o)
 .debug_macro   0x00000000      0x12d C:\Users\pc-hp\Documents\LPC812\SYSTICK\lpc_chip_8xx\Debug\liblpc_chip_8xx.a(sysinit_8xx.o)
 .debug_macro   0x00000000      0x5b2 C:\Users\pc-hp\Documents\LPC812\SYSTICK\lpc_chip_8xx\Debug\liblpc_chip_8xx.a(sysinit_8xx.o)
 .debug_macro   0x00000000       0x22 C:\Users\pc-hp\Documents\LPC812\SYSTICK\lpc_chip_8xx\Debug\liblpc_chip_8xx.a(sysinit_8xx.o)
 .debug_macro   0x00000000       0x7b C:\Users\pc-hp\Documents\LPC812\SYSTICK\lpc_chip_8xx\Debug\liblpc_chip_8xx.a(sysinit_8xx.o)
 .debug_macro   0x00000000       0x10 C:\Users\pc-hp\Documents\LPC812\SYSTICK\lpc_chip_8xx\Debug\liblpc_chip_8xx.a(sysinit_8xx.o)
 .debug_macro   0x00000000       0x28 C:\Users\pc-hp\Documents\LPC812\SYSTICK\lpc_chip_8xx\Debug\liblpc_chip_8xx.a(sysinit_8xx.o)
 .debug_macro   0x00000000       0x3a C:\Users\pc-hp\Documents\LPC812\SYSTICK\lpc_chip_8xx\Debug\liblpc_chip_8xx.a(sysinit_8xx.o)
 .debug_macro   0x00000000       0x1f C:\Users\pc-hp\Documents\LPC812\SYSTICK\lpc_chip_8xx\Debug\liblpc_chip_8xx.a(sysinit_8xx.o)
 .debug_macro   0x00000000      0x250 C:\Users\pc-hp\Documents\LPC812\SYSTICK\lpc_chip_8xx\Debug\liblpc_chip_8xx.a(sysinit_8xx.o)
 .debug_macro   0x00000000      0x145 C:\Users\pc-hp\Documents\LPC812\SYSTICK\lpc_chip_8xx\Debug\liblpc_chip_8xx.a(sysinit_8xx.o)
 .debug_macro   0x00000000       0xca C:\Users\pc-hp\Documents\LPC812\SYSTICK\lpc_chip_8xx\Debug\liblpc_chip_8xx.a(sysinit_8xx.o)
 .debug_macro   0x00000000       0x6a C:\Users\pc-hp\Documents\LPC812\SYSTICK\lpc_chip_8xx\Debug\liblpc_chip_8xx.a(sysinit_8xx.o)
 .debug_macro   0x00000000       0x70 C:\Users\pc-hp\Documents\LPC812\SYSTICK\lpc_chip_8xx\Debug\liblpc_chip_8xx.a(sysinit_8xx.o)
 .debug_macro   0x00000000       0x28 C:\Users\pc-hp\Documents\LPC812\SYSTICK\lpc_chip_8xx\Debug\liblpc_chip_8xx.a(sysinit_8xx.o)
 .debug_macro   0x00000000      0x190 C:\Users\pc-hp\Documents\LPC812\SYSTICK\lpc_chip_8xx\Debug\liblpc_chip_8xx.a(sysinit_8xx.o)
 .debug_macro   0x00000000       0x1c C:\Users\pc-hp\Documents\LPC812\SYSTICK\lpc_chip_8xx\Debug\liblpc_chip_8xx.a(sysinit_8xx.o)
 .debug_macro   0x00000000       0x64 C:\Users\pc-hp\Documents\LPC812\SYSTICK\lpc_chip_8xx\Debug\liblpc_chip_8xx.a(sysinit_8xx.o)
 .debug_macro   0x00000000       0x10 C:\Users\pc-hp\Documents\LPC812\SYSTICK\lpc_chip_8xx\Debug\liblpc_chip_8xx.a(sysinit_8xx.o)
 .debug_macro   0x00000000       0x22 C:\Users\pc-hp\Documents\LPC812\SYSTICK\lpc_chip_8xx\Debug\liblpc_chip_8xx.a(sysinit_8xx.o)
 .debug_macro   0x00000000       0xb2 C:\Users\pc-hp\Documents\LPC812\SYSTICK\lpc_chip_8xx\Debug\liblpc_chip_8xx.a(sysinit_8xx.o)
 .debug_macro   0x00000000       0x58 C:\Users\pc-hp\Documents\LPC812\SYSTICK\lpc_chip_8xx\Debug\liblpc_chip_8xx.a(sysinit_8xx.o)
 .debug_macro   0x00000000       0x58 C:\Users\pc-hp\Documents\LPC812\SYSTICK\lpc_chip_8xx\Debug\liblpc_chip_8xx.a(sysinit_8xx.o)
 .debug_macro   0x00000000       0x6a C:\Users\pc-hp\Documents\LPC812\SYSTICK\lpc_chip_8xx\Debug\liblpc_chip_8xx.a(sysinit_8xx.o)
 .debug_macro   0x00000000       0x82 C:\Users\pc-hp\Documents\LPC812\SYSTICK\lpc_chip_8xx\Debug\liblpc_chip_8xx.a(sysinit_8xx.o)
 .debug_macro   0x00000000       0x16 C:\Users\pc-hp\Documents\LPC812\SYSTICK\lpc_chip_8xx\Debug\liblpc_chip_8xx.a(sysinit_8xx.o)
 .debug_macro   0x00000000      0x131 C:\Users\pc-hp\Documents\LPC812\SYSTICK\lpc_chip_8xx\Debug\liblpc_chip_8xx.a(sysinit_8xx.o)
 .debug_macro   0x00000000       0x22 C:\Users\pc-hp\Documents\LPC812\SYSTICK\lpc_chip_8xx\Debug\liblpc_chip_8xx.a(sysinit_8xx.o)
 .debug_macro   0x00000000       0x52 C:\Users\pc-hp\Documents\LPC812\SYSTICK\lpc_chip_8xx\Debug\liblpc_chip_8xx.a(sysinit_8xx.o)
 .debug_macro   0x00000000      0x181 C:\Users\pc-hp\Documents\LPC812\SYSTICK\lpc_chip_8xx\Debug\liblpc_chip_8xx.a(sysinit_8xx.o)
 .debug_macro   0x00000000      0x289 C:\Users\pc-hp\Documents\LPC812\SYSTICK\lpc_chip_8xx\Debug\liblpc_chip_8xx.a(sysinit_8xx.o)
 .debug_macro   0x00000000      0x28b C:\Users\pc-hp\Documents\LPC812\SYSTICK\lpc_chip_8xx\Debug\liblpc_chip_8xx.a(sysinit_8xx.o)
 .debug_macro   0x00000000       0x2e C:\Users\pc-hp\Documents\LPC812\SYSTICK\lpc_chip_8xx\Debug\liblpc_chip_8xx.a(sysinit_8xx.o)
 .debug_macro   0x00000000       0x22 C:\Users\pc-hp\Documents\LPC812\SYSTICK\lpc_chip_8xx\Debug\liblpc_chip_8xx.a(sysinit_8xx.o)
 .group         0x00000000        0x8 C:\Users\pc-hp\Documents\LPC812\SYSTICK\lpc_chip_8xx\Debug\liblpc_chip_8xx.a(clock_8xx.o)
 .group         0x00000000        0x8 C:\Users\pc-hp\Documents\LPC812\SYSTICK\lpc_chip_8xx\Debug\liblpc_chip_8xx.a(clock_8xx.o)
 .group         0x00000000        0x8 C:\Users\pc-hp\Documents\LPC812\SYSTICK\lpc_chip_8xx\Debug\liblpc_chip_8xx.a(clock_8xx.o)
 .group         0x00000000        0x8 C:\Users\pc-hp\Documents\LPC812\SYSTICK\lpc_chip_8xx\Debug\liblpc_chip_8xx.a(clock_8xx.o)
 .group         0x00000000        0x8 C:\Users\pc-hp\Documents\LPC812\SYSTICK\lpc_chip_8xx\Debug\liblpc_chip_8xx.a(clock_8xx.o)
 .group         0x00000000        0x8 C:\Users\pc-hp\Documents\LPC812\SYSTICK\lpc_chip_8xx\Debug\liblpc_chip_8xx.a(clock_8xx.o)
 .group         0x00000000        0x8 C:\Users\pc-hp\Documents\LPC812\SYSTICK\lpc_chip_8xx\Debug\liblpc_chip_8xx.a(clock_8xx.o)
 .group         0x00000000        0x8 C:\Users\pc-hp\Documents\LPC812\SYSTICK\lpc_chip_8xx\Debug\liblpc_chip_8xx.a(clock_8xx.o)
 .group         0x00000000        0x8 C:\Users\pc-hp\Documents\LPC812\SYSTICK\lpc_chip_8xx\Debug\liblpc_chip_8xx.a(clock_8xx.o)
 .group         0x00000000        0x8 C:\Users\pc-hp\Documents\LPC812\SYSTICK\lpc_chip_8xx\Debug\liblpc_chip_8xx.a(clock_8xx.o)
 .group         0x00000000        0x8 C:\Users\pc-hp\Documents\LPC812\SYSTICK\lpc_chip_8xx\Debug\liblpc_chip_8xx.a(clock_8xx.o)
 .group         0x00000000        0x8 C:\Users\pc-hp\Documents\LPC812\SYSTICK\lpc_chip_8xx\Debug\liblpc_chip_8xx.a(clock_8xx.o)
 .group         0x00000000        0x8 C:\Users\pc-hp\Documents\LPC812\SYSTICK\lpc_chip_8xx\Debug\liblpc_chip_8xx.a(clock_8xx.o)
 .group         0x00000000        0x8 C:\Users\pc-hp\Documents\LPC812\SYSTICK\lpc_chip_8xx\Debug\liblpc_chip_8xx.a(clock_8xx.o)
 .group         0x00000000        0x8 C:\Users\pc-hp\Documents\LPC812\SYSTICK\lpc_chip_8xx\Debug\liblpc_chip_8xx.a(clock_8xx.o)
 .group         0x00000000        0x8 C:\Users\pc-hp\Documents\LPC812\SYSTICK\lpc_chip_8xx\Debug\liblpc_chip_8xx.a(clock_8xx.o)
 .group         0x00000000        0x8 C:\Users\pc-hp\Documents\LPC812\SYSTICK\lpc_chip_8xx\Debug\liblpc_chip_8xx.a(clock_8xx.o)
 .group         0x00000000        0x8 C:\Users\pc-hp\Documents\LPC812\SYSTICK\lpc_chip_8xx\Debug\liblpc_chip_8xx.a(clock_8xx.o)
 .group         0x00000000        0x8 C:\Users\pc-hp\Documents\LPC812\SYSTICK\lpc_chip_8xx\Debug\liblpc_chip_8xx.a(clock_8xx.o)
 .group         0x00000000        0x8 C:\Users\pc-hp\Documents\LPC812\SYSTICK\lpc_chip_8xx\Debug\liblpc_chip_8xx.a(clock_8xx.o)
 .group         0x00000000        0x8 C:\Users\pc-hp\Documents\LPC812\SYSTICK\lpc_chip_8xx\Debug\liblpc_chip_8xx.a(clock_8xx.o)
 .group         0x00000000        0x8 C:\Users\pc-hp\Documents\LPC812\SYSTICK\lpc_chip_8xx\Debug\liblpc_chip_8xx.a(clock_8xx.o)
 .group         0x00000000        0x8 C:\Users\pc-hp\Documents\LPC812\SYSTICK\lpc_chip_8xx\Debug\liblpc_chip_8xx.a(clock_8xx.o)
 .group         0x00000000        0x8 C:\Users\pc-hp\Documents\LPC812\SYSTICK\lpc_chip_8xx\Debug\liblpc_chip_8xx.a(clock_8xx.o)
 .group         0x00000000        0x8 C:\Users\pc-hp\Documents\LPC812\SYSTICK\lpc_chip_8xx\Debug\liblpc_chip_8xx.a(clock_8xx.o)
 .group         0x00000000        0x8 C:\Users\pc-hp\Documents\LPC812\SYSTICK\lpc_chip_8xx\Debug\liblpc_chip_8xx.a(clock_8xx.o)
 .group         0x00000000        0x8 C:\Users\pc-hp\Documents\LPC812\SYSTICK\lpc_chip_8xx\Debug\liblpc_chip_8xx.a(clock_8xx.o)
 .group         0x00000000        0x8 C:\Users\pc-hp\Documents\LPC812\SYSTICK\lpc_chip_8xx\Debug\liblpc_chip_8xx.a(clock_8xx.o)
 .group         0x00000000        0x8 C:\Users\pc-hp\Documents\LPC812\SYSTICK\lpc_chip_8xx\Debug\liblpc_chip_8xx.a(clock_8xx.o)
 .group         0x00000000        0x8 C:\Users\pc-hp\Documents\LPC812\SYSTICK\lpc_chip_8xx\Debug\liblpc_chip_8xx.a(clock_8xx.o)
 .group         0x00000000        0x8 C:\Users\pc-hp\Documents\LPC812\SYSTICK\lpc_chip_8xx\Debug\liblpc_chip_8xx.a(clock_8xx.o)
 .group         0x00000000        0x8 C:\Users\pc-hp\Documents\LPC812\SYSTICK\lpc_chip_8xx\Debug\liblpc_chip_8xx.a(clock_8xx.o)
 .group         0x00000000        0x8 C:\Users\pc-hp\Documents\LPC812\SYSTICK\lpc_chip_8xx\Debug\liblpc_chip_8xx.a(clock_8xx.o)
 .group         0x00000000        0x8 C:\Users\pc-hp\Documents\LPC812\SYSTICK\lpc_chip_8xx\Debug\liblpc_chip_8xx.a(clock_8xx.o)
 .group         0x00000000        0x8 C:\Users\pc-hp\Documents\LPC812\SYSTICK\lpc_chip_8xx\Debug\liblpc_chip_8xx.a(clock_8xx.o)
 .text          0x00000000        0x0 C:\Users\pc-hp\Documents\LPC812\SYSTICK\lpc_chip_8xx\Debug\liblpc_chip_8xx.a(clock_8xx.o)
 .data          0x00000000        0x0 C:\Users\pc-hp\Documents\LPC812\SYSTICK\lpc_chip_8xx\Debug\liblpc_chip_8xx.a(clock_8xx.o)
 .bss           0x00000000        0x0 C:\Users\pc-hp\Documents\LPC812\SYSTICK\lpc_chip_8xx\Debug\liblpc_chip_8xx.a(clock_8xx.o)
 .text.Chip_SYSCTL_AssertPeriphReset
                0x00000000       0x38 C:\Users\pc-hp\Documents\LPC812\SYSTICK\lpc_chip_8xx\Debug\liblpc_chip_8xx.a(clock_8xx.o)
 .text.Chip_SYSCTL_DeassertPeriphReset
                0x00000000       0x30 C:\Users\pc-hp\Documents\LPC812\SYSTICK\lpc_chip_8xx\Debug\liblpc_chip_8xx.a(clock_8xx.o)
 .text.Chip_SYSCTL_PeriphReset
                0x00000000       0x28 C:\Users\pc-hp\Documents\LPC812\SYSTICK\lpc_chip_8xx\Debug\liblpc_chip_8xx.a(clock_8xx.o)
 .text.Chip_Clock_SetUARTClockDiv
                0x00000000       0x1c C:\Users\pc-hp\Documents\LPC812\SYSTICK\lpc_chip_8xx\Debug\liblpc_chip_8xx.a(clock_8xx.o)
 .text.Chip_Clock_GetUARTClockDiv
                0x00000000       0x18 C:\Users\pc-hp\Documents\LPC812\SYSTICK\lpc_chip_8xx\Debug\liblpc_chip_8xx.a(clock_8xx.o)
 .text.Chip_SYSCTL_SetUSARTFRGDivider
                0x00000000       0x20 C:\Users\pc-hp\Documents\LPC812\SYSTICK\lpc_chip_8xx\Debug\liblpc_chip_8xx.a(clock_8xx.o)
 .text.Chip_SYSCTL_GetUSARTFRGDivider
                0x00000000       0x18 C:\Users\pc-hp\Documents\LPC812\SYSTICK\lpc_chip_8xx\Debug\liblpc_chip_8xx.a(clock_8xx.o)
 .text.Chip_SYSCTL_SetUSARTFRGMultiplier
                0x00000000       0x20 C:\Users\pc-hp\Documents\LPC812\SYSTICK\lpc_chip_8xx\Debug\liblpc_chip_8xx.a(clock_8xx.o)
 .text.Chip_SYSCTL_GetUSARTFRGMultiplier
                0x00000000       0x18 C:\Users\pc-hp\Documents\LPC812\SYSTICK\lpc_chip_8xx\Debug\liblpc_chip_8xx.a(clock_8xx.o)
 .text.Chip_Clock_GetMainOscRate
                0x00000000       0x14 C:\Users\pc-hp\Documents\LPC812\SYSTICK\lpc_chip_8xx\Debug\liblpc_chip_8xx.a(clock_8xx.o)
 .text.Chip_Clock_GetIntOscRate
                0x00000000       0x10 C:\Users\pc-hp\Documents\LPC812\SYSTICK\lpc_chip_8xx\Debug\liblpc_chip_8xx.a(clock_8xx.o)
 .text.Chip_Clock_GetExtClockInRate
                0x00000000       0x14 C:\Users\pc-hp\Documents\LPC812\SYSTICK\lpc_chip_8xx\Debug\liblpc_chip_8xx.a(clock_8xx.o)
 .rodata.wdtOSCRate
                0x00000000       0x40 C:\Users\pc-hp\Documents\LPC812\SYSTICK\lpc_chip_8xx\Debug\liblpc_chip_8xx.a(clock_8xx.o)
 .text.Chip_Clock_GetWDTLFORate
                0x00000000       0x48 C:\Users\pc-hp\Documents\LPC812\SYSTICK\lpc_chip_8xx\Debug\liblpc_chip_8xx.a(clock_8xx.o)
 .text.Chip_Clock_GetPLLFreq
                0x00000000       0x24 C:\Users\pc-hp\Documents\LPC812\SYSTICK\lpc_chip_8xx\Debug\liblpc_chip_8xx.a(clock_8xx.o)
 .text.Chip_Clock_SetPLLBypass
                0x00000000       0x48 C:\Users\pc-hp\Documents\LPC812\SYSTICK\lpc_chip_8xx\Debug\liblpc_chip_8xx.a(clock_8xx.o)
 .text.Chip_Clock_SetCLKOUTSource
                0x00000000       0x3c C:\Users\pc-hp\Documents\LPC812\SYSTICK\lpc_chip_8xx\Debug\liblpc_chip_8xx.a(clock_8xx.o)
 .text.Chip_Clock_GetWDTOSCRate
                0x00000000       0x20 C:\Users\pc-hp\Documents\LPC812\SYSTICK\lpc_chip_8xx\Debug\liblpc_chip_8xx.a(clock_8xx.o)
 .text.Chip_Clock_GetSystemPLLInClockRate
                0x00000000       0x50 C:\Users\pc-hp\Documents\LPC812\SYSTICK\lpc_chip_8xx\Debug\liblpc_chip_8xx.a(clock_8xx.o)
 .text.Chip_Clock_GetSystemPLLOutClockRate
                0x00000000       0x28 C:\Users\pc-hp\Documents\LPC812\SYSTICK\lpc_chip_8xx\Debug\liblpc_chip_8xx.a(clock_8xx.o)
 .text.Chip_Clock_GetMainClockRate
                0x00000000       0x64 C:\Users\pc-hp\Documents\LPC812\SYSTICK\lpc_chip_8xx\Debug\liblpc_chip_8xx.a(clock_8xx.o)
 .text.Chip_Clock_GetSystemClockRate
                0x00000000       0x28 C:\Users\pc-hp\Documents\LPC812\SYSTICK\lpc_chip_8xx\Debug\liblpc_chip_8xx.a(clock_8xx.o)
 .text.Chip_Clock_GetUSARTNBaseClockRate
                0x00000000       0x84 C:\Users\pc-hp\Documents\LPC812\SYSTICK\lpc_chip_8xx\Debug\liblpc_chip_8xx.a(clock_8xx.o)
 .text.Chip_Clock_SetUSARTNBaseClockRate
                0x00000000       0x84 C:\Users\pc-hp\Documents\LPC812\SYSTICK\lpc_chip_8xx\Debug\liblpc_chip_8xx.a(clock_8xx.o)
 .text.Chip_Clock_GetIOCONCLKDIVClockRate
                0x00000000       0x48 C:\Users\pc-hp\Documents\LPC812\SYSTICK\lpc_chip_8xx\Debug\liblpc_chip_8xx.a(clock_8xx.o)
 .text.Chip_Clock_SetIOCONCLKDIV
                0x00000000       0x38 C:\Users\pc-hp\Documents\LPC812\SYSTICK\lpc_chip_8xx\Debug\liblpc_chip_8xx.a(clock_8xx.o)
 .debug_macro   0x00000000      0x832 C:\Users\pc-hp\Documents\LPC812\SYSTICK\lpc_chip_8xx\Debug\liblpc_chip_8xx.a(clock_8xx.o)
 .debug_macro   0x00000000       0x10 C:\Users\pc-hp\Documents\LPC812\SYSTICK\lpc_chip_8xx\Debug\liblpc_chip_8xx.a(clock_8xx.o)
 .debug_macro   0x00000000      0x12d C:\Users\pc-hp\Documents\LPC812\SYSTICK\lpc_chip_8xx\Debug\liblpc_chip_8xx.a(clock_8xx.o)
 .debug_macro   0x00000000      0x5b2 C:\Users\pc-hp\Documents\LPC812\SYSTICK\lpc_chip_8xx\Debug\liblpc_chip_8xx.a(clock_8xx.o)
 .debug_macro   0x00000000       0x22 C:\Users\pc-hp\Documents\LPC812\SYSTICK\lpc_chip_8xx\Debug\liblpc_chip_8xx.a(clock_8xx.o)
 .debug_macro   0x00000000       0x7b C:\Users\pc-hp\Documents\LPC812\SYSTICK\lpc_chip_8xx\Debug\liblpc_chip_8xx.a(clock_8xx.o)
 .debug_macro   0x00000000       0x10 C:\Users\pc-hp\Documents\LPC812\SYSTICK\lpc_chip_8xx\Debug\liblpc_chip_8xx.a(clock_8xx.o)
 .debug_macro   0x00000000       0x28 C:\Users\pc-hp\Documents\LPC812\SYSTICK\lpc_chip_8xx\Debug\liblpc_chip_8xx.a(clock_8xx.o)
 .debug_macro   0x00000000       0x3a C:\Users\pc-hp\Documents\LPC812\SYSTICK\lpc_chip_8xx\Debug\liblpc_chip_8xx.a(clock_8xx.o)
 .debug_macro   0x00000000       0x1f C:\Users\pc-hp\Documents\LPC812\SYSTICK\lpc_chip_8xx\Debug\liblpc_chip_8xx.a(clock_8xx.o)
 .debug_macro   0x00000000      0x250 C:\Users\pc-hp\Documents\LPC812\SYSTICK\lpc_chip_8xx\Debug\liblpc_chip_8xx.a(clock_8xx.o)
 .debug_macro   0x00000000      0x145 C:\Users\pc-hp\Documents\LPC812\SYSTICK\lpc_chip_8xx\Debug\liblpc_chip_8xx.a(clock_8xx.o)
 .debug_macro   0x00000000       0xca C:\Users\pc-hp\Documents\LPC812\SYSTICK\lpc_chip_8xx\Debug\liblpc_chip_8xx.a(clock_8xx.o)
 .debug_macro   0x00000000       0x6a C:\Users\pc-hp\Documents\LPC812\SYSTICK\lpc_chip_8xx\Debug\liblpc_chip_8xx.a(clock_8xx.o)
 .debug_macro   0x00000000       0x70 C:\Users\pc-hp\Documents\LPC812\SYSTICK\lpc_chip_8xx\Debug\liblpc_chip_8xx.a(clock_8xx.o)
 .debug_macro   0x00000000       0x28 C:\Users\pc-hp\Documents\LPC812\SYSTICK\lpc_chip_8xx\Debug\liblpc_chip_8xx.a(clock_8xx.o)
 .debug_macro   0x00000000      0x190 C:\Users\pc-hp\Documents\LPC812\SYSTICK\lpc_chip_8xx\Debug\liblpc_chip_8xx.a(clock_8xx.o)
 .debug_macro   0x00000000       0x1c C:\Users\pc-hp\Documents\LPC812\SYSTICK\lpc_chip_8xx\Debug\liblpc_chip_8xx.a(clock_8xx.o)
 .debug_macro   0x00000000       0x64 C:\Users\pc-hp\Documents\LPC812\SYSTICK\lpc_chip_8xx\Debug\liblpc_chip_8xx.a(clock_8xx.o)
 .debug_macro   0x00000000       0x10 C:\Users\pc-hp\Documents\LPC812\SYSTICK\lpc_chip_8xx\Debug\liblpc_chip_8xx.a(clock_8xx.o)
 .debug_macro   0x00000000       0x22 C:\Users\pc-hp\Documents\LPC812\SYSTICK\lpc_chip_8xx\Debug\liblpc_chip_8xx.a(clock_8xx.o)
 .debug_macro   0x00000000       0xb2 C:\Users\pc-hp\Documents\LPC812\SYSTICK\lpc_chip_8xx\Debug\liblpc_chip_8xx.a(clock_8xx.o)
 .debug_macro   0x00000000       0x58 C:\Users\pc-hp\Documents\LPC812\SYSTICK\lpc_chip_8xx\Debug\liblpc_chip_8xx.a(clock_8xx.o)
 .debug_macro   0x00000000       0x58 C:\Users\pc-hp\Documents\LPC812\SYSTICK\lpc_chip_8xx\Debug\liblpc_chip_8xx.a(clock_8xx.o)
 .debug_macro   0x00000000       0x6a C:\Users\pc-hp\Documents\LPC812\SYSTICK\lpc_chip_8xx\Debug\liblpc_chip_8xx.a(clock_8xx.o)
 .debug_macro   0x00000000       0x82 C:\Users\pc-hp\Documents\LPC812\SYSTICK\lpc_chip_8xx\Debug\liblpc_chip_8xx.a(clock_8xx.o)
 .debug_macro   0x00000000       0x16 C:\Users\pc-hp\Documents\LPC812\SYSTICK\lpc_chip_8xx\Debug\liblpc_chip_8xx.a(clock_8xx.o)
 .debug_macro   0x00000000      0x131 C:\Users\pc-hp\Documents\LPC812\SYSTICK\lpc_chip_8xx\Debug\liblpc_chip_8xx.a(clock_8xx.o)
 .debug_macro   0x00000000       0x22 C:\Users\pc-hp\Documents\LPC812\SYSTICK\lpc_chip_8xx\Debug\liblpc_chip_8xx.a(clock_8xx.o)
 .debug_macro   0x00000000       0x52 C:\Users\pc-hp\Documents\LPC812\SYSTICK\lpc_chip_8xx\Debug\liblpc_chip_8xx.a(clock_8xx.o)
 .debug_macro   0x00000000      0x181 C:\Users\pc-hp\Documents\LPC812\SYSTICK\lpc_chip_8xx\Debug\liblpc_chip_8xx.a(clock_8xx.o)
 .debug_macro   0x00000000      0x289 C:\Users\pc-hp\Documents\LPC812\SYSTICK\lpc_chip_8xx\Debug\liblpc_chip_8xx.a(clock_8xx.o)
 .debug_macro   0x00000000      0x28b C:\Users\pc-hp\Documents\LPC812\SYSTICK\lpc_chip_8xx\Debug\liblpc_chip_8xx.a(clock_8xx.o)
 .debug_macro   0x00000000       0x2e C:\Users\pc-hp\Documents\LPC812\SYSTICK\lpc_chip_8xx\Debug\liblpc_chip_8xx.a(clock_8xx.o)
 .debug_macro   0x00000000       0x22 C:\Users\pc-hp\Documents\LPC812\SYSTICK\lpc_chip_8xx\Debug\liblpc_chip_8xx.a(clock_8xx.o)
 .group         0x00000000        0x8 C:\Users\pc-hp\Documents\LPC812\SYSTICK\lpc_chip_8xx\Debug\liblpc_chip_8xx.a(syscon_8xx.o)
 .group         0x00000000        0x8 C:\Users\pc-hp\Documents\LPC812\SYSTICK\lpc_chip_8xx\Debug\liblpc_chip_8xx.a(syscon_8xx.o)
 .group         0x00000000        0x8 C:\Users\pc-hp\Documents\LPC812\SYSTICK\lpc_chip_8xx\Debug\liblpc_chip_8xx.a(syscon_8xx.o)
 .group         0x00000000        0x8 C:\Users\pc-hp\Documents\LPC812\SYSTICK\lpc_chip_8xx\Debug\liblpc_chip_8xx.a(syscon_8xx.o)
 .group         0x00000000        0x8 C:\Users\pc-hp\Documents\LPC812\SYSTICK\lpc_chip_8xx\Debug\liblpc_chip_8xx.a(syscon_8xx.o)
 .group         0x00000000        0x8 C:\Users\pc-hp\Documents\LPC812\SYSTICK\lpc_chip_8xx\Debug\liblpc_chip_8xx.a(syscon_8xx.o)
 .group         0x00000000        0x8 C:\Users\pc-hp\Documents\LPC812\SYSTICK\lpc_chip_8xx\Debug\liblpc_chip_8xx.a(syscon_8xx.o)
 .group         0x00000000        0x8 C:\Users\pc-hp\Documents\LPC812\SYSTICK\lpc_chip_8xx\Debug\liblpc_chip_8xx.a(syscon_8xx.o)
 .group         0x00000000        0x8 C:\Users\pc-hp\Documents\LPC812\SYSTICK\lpc_chip_8xx\Debug\liblpc_chip_8xx.a(syscon_8xx.o)
 .group         0x00000000        0x8 C:\Users\pc-hp\Documents\LPC812\SYSTICK\lpc_chip_8xx\Debug\liblpc_chip_8xx.a(syscon_8xx.o)
 .group         0x00000000        0x8 C:\Users\pc-hp\Documents\LPC812\SYSTICK\lpc_chip_8xx\Debug\liblpc_chip_8xx.a(syscon_8xx.o)
 .group         0x00000000        0x8 C:\Users\pc-hp\Documents\LPC812\SYSTICK\lpc_chip_8xx\Debug\liblpc_chip_8xx.a(syscon_8xx.o)
 .group         0x00000000        0x8 C:\Users\pc-hp\Documents\LPC812\SYSTICK\lpc_chip_8xx\Debug\liblpc_chip_8xx.a(syscon_8xx.o)
 .group         0x00000000        0x8 C:\Users\pc-hp\Documents\LPC812\SYSTICK\lpc_chip_8xx\Debug\liblpc_chip_8xx.a(syscon_8xx.o)
 .group         0x00000000        0x8 C:\Users\pc-hp\Documents\LPC812\SYSTICK\lpc_chip_8xx\Debug\liblpc_chip_8xx.a(syscon_8xx.o)
 .group         0x00000000        0x8 C:\Users\pc-hp\Documents\LPC812\SYSTICK\lpc_chip_8xx\Debug\liblpc_chip_8xx.a(syscon_8xx.o)
 .group         0x00000000        0x8 C:\Users\pc-hp\Documents\LPC812\SYSTICK\lpc_chip_8xx\Debug\liblpc_chip_8xx.a(syscon_8xx.o)
 .group         0x00000000        0x8 C:\Users\pc-hp\Documents\LPC812\SYSTICK\lpc_chip_8xx\Debug\liblpc_chip_8xx.a(syscon_8xx.o)
 .group         0x00000000        0x8 C:\Users\pc-hp\Documents\LPC812\SYSTICK\lpc_chip_8xx\Debug\liblpc_chip_8xx.a(syscon_8xx.o)
 .group         0x00000000        0x8 C:\Users\pc-hp\Documents\LPC812\SYSTICK\lpc_chip_8xx\Debug\liblpc_chip_8xx.a(syscon_8xx.o)
 .group         0x00000000        0x8 C:\Users\pc-hp\Documents\LPC812\SYSTICK\lpc_chip_8xx\Debug\liblpc_chip_8xx.a(syscon_8xx.o)
 .group         0x00000000        0x8 C:\Users\pc-hp\Documents\LPC812\SYSTICK\lpc_chip_8xx\Debug\liblpc_chip_8xx.a(syscon_8xx.o)
 .group         0x00000000        0x8 C:\Users\pc-hp\Documents\LPC812\SYSTICK\lpc_chip_8xx\Debug\liblpc_chip_8xx.a(syscon_8xx.o)
 .group         0x00000000        0x8 C:\Users\pc-hp\Documents\LPC812\SYSTICK\lpc_chip_8xx\Debug\liblpc_chip_8xx.a(syscon_8xx.o)
 .group         0x00000000        0x8 C:\Users\pc-hp\Documents\LPC812\SYSTICK\lpc_chip_8xx\Debug\liblpc_chip_8xx.a(syscon_8xx.o)
 .group         0x00000000        0x8 C:\Users\pc-hp\Documents\LPC812\SYSTICK\lpc_chip_8xx\Debug\liblpc_chip_8xx.a(syscon_8xx.o)
 .group         0x00000000        0x8 C:\Users\pc-hp\Documents\LPC812\SYSTICK\lpc_chip_8xx\Debug\liblpc_chip_8xx.a(syscon_8xx.o)
 .group         0x00000000        0x8 C:\Users\pc-hp\Documents\LPC812\SYSTICK\lpc_chip_8xx\Debug\liblpc_chip_8xx.a(syscon_8xx.o)
 .group         0x00000000        0x8 C:\Users\pc-hp\Documents\LPC812\SYSTICK\lpc_chip_8xx\Debug\liblpc_chip_8xx.a(syscon_8xx.o)
 .group         0x00000000        0x8 C:\Users\pc-hp\Documents\LPC812\SYSTICK\lpc_chip_8xx\Debug\liblpc_chip_8xx.a(syscon_8xx.o)
 .group         0x00000000        0x8 C:\Users\pc-hp\Documents\LPC812\SYSTICK\lpc_chip_8xx\Debug\liblpc_chip_8xx.a(syscon_8xx.o)
 .group         0x00000000        0x8 C:\Users\pc-hp\Documents\LPC812\SYSTICK\lpc_chip_8xx\Debug\liblpc_chip_8xx.a(syscon_8xx.o)
 .group         0x00000000        0x8 C:\Users\pc-hp\Documents\LPC812\SYSTICK\lpc_chip_8xx\Debug\liblpc_chip_8xx.a(syscon_8xx.o)
 .group         0x00000000        0x8 C:\Users\pc-hp\Documents\LPC812\SYSTICK\lpc_chip_8xx\Debug\liblpc_chip_8xx.a(syscon_8xx.o)
 .group         0x00000000        0x8 C:\Users\pc-hp\Documents\LPC812\SYSTICK\lpc_chip_8xx\Debug\liblpc_chip_8xx.a(syscon_8xx.o)
 .text          0x00000000        0x0 C:\Users\pc-hp\Documents\LPC812\SYSTICK\lpc_chip_8xx\Debug\liblpc_chip_8xx.a(syscon_8xx.o)
 .data          0x00000000        0x0 C:\Users\pc-hp\Documents\LPC812\SYSTICK\lpc_chip_8xx\Debug\liblpc_chip_8xx.a(syscon_8xx.o)
 .bss           0x00000000        0x0 C:\Users\pc-hp\Documents\LPC812\SYSTICK\lpc_chip_8xx\Debug\liblpc_chip_8xx.a(syscon_8xx.o)
 .text.Chip_SYSCTL_SetDeepSleepPD
                0x00000000       0x28 C:\Users\pc-hp\Documents\LPC812\SYSTICK\lpc_chip_8xx\Debug\liblpc_chip_8xx.a(syscon_8xx.o)
 .text.Chip_SYSCTL_SetWakeup
                0x00000000       0x2c C:\Users\pc-hp\Documents\LPC812\SYSTICK\lpc_chip_8xx\Debug\liblpc_chip_8xx.a(syscon_8xx.o)
 .debug_macro   0x00000000      0x832 C:\Users\pc-hp\Documents\LPC812\SYSTICK\lpc_chip_8xx\Debug\liblpc_chip_8xx.a(syscon_8xx.o)
 .debug_macro   0x00000000       0x10 C:\Users\pc-hp\Documents\LPC812\SYSTICK\lpc_chip_8xx\Debug\liblpc_chip_8xx.a(syscon_8xx.o)
 .debug_macro   0x00000000      0x12d C:\Users\pc-hp\Documents\LPC812\SYSTICK\lpc_chip_8xx\Debug\liblpc_chip_8xx.a(syscon_8xx.o)
 .debug_macro   0x00000000      0x5b2 C:\Users\pc-hp\Documents\LPC812\SYSTICK\lpc_chip_8xx\Debug\liblpc_chip_8xx.a(syscon_8xx.o)
 .debug_macro   0x00000000       0x22 C:\Users\pc-hp\Documents\LPC812\SYSTICK\lpc_chip_8xx\Debug\liblpc_chip_8xx.a(syscon_8xx.o)
 .debug_macro   0x00000000       0x7b C:\Users\pc-hp\Documents\LPC812\SYSTICK\lpc_chip_8xx\Debug\liblpc_chip_8xx.a(syscon_8xx.o)
 .debug_macro   0x00000000       0x10 C:\Users\pc-hp\Documents\LPC812\SYSTICK\lpc_chip_8xx\Debug\liblpc_chip_8xx.a(syscon_8xx.o)
 .debug_macro   0x00000000       0x28 C:\Users\pc-hp\Documents\LPC812\SYSTICK\lpc_chip_8xx\Debug\liblpc_chip_8xx.a(syscon_8xx.o)
 .debug_macro   0x00000000       0x3a C:\Users\pc-hp\Documents\LPC812\SYSTICK\lpc_chip_8xx\Debug\liblpc_chip_8xx.a(syscon_8xx.o)
 .debug_macro   0x00000000       0x1f C:\Users\pc-hp\Documents\LPC812\SYSTICK\lpc_chip_8xx\Debug\liblpc_chip_8xx.a(syscon_8xx.o)
 .debug_macro   0x00000000      0x250 C:\Users\pc-hp\Documents\LPC812\SYSTICK\lpc_chip_8xx\Debug\liblpc_chip_8xx.a(syscon_8xx.o)
 .debug_macro   0x00000000      0x145 C:\Users\pc-hp\Documents\LPC812\SYSTICK\lpc_chip_8xx\Debug\liblpc_chip_8xx.a(syscon_8xx.o)
 .debug_macro   0x00000000       0xca C:\Users\pc-hp\Documents\LPC812\SYSTICK\lpc_chip_8xx\Debug\liblpc_chip_8xx.a(syscon_8xx.o)
 .debug_macro   0x00000000       0x6a C:\Users\pc-hp\Documents\LPC812\SYSTICK\lpc_chip_8xx\Debug\liblpc_chip_8xx.a(syscon_8xx.o)
 .debug_macro   0x00000000       0x70 C:\Users\pc-hp\Documents\LPC812\SYSTICK\lpc_chip_8xx\Debug\liblpc_chip_8xx.a(syscon_8xx.o)
 .debug_macro   0x00000000       0x28 C:\Users\pc-hp\Documents\LPC812\SYSTICK\lpc_chip_8xx\Debug\liblpc_chip_8xx.a(syscon_8xx.o)
 .debug_macro   0x00000000      0x190 C:\Users\pc-hp\Documents\LPC812\SYSTICK\lpc_chip_8xx\Debug\liblpc_chip_8xx.a(syscon_8xx.o)
 .debug_macro   0x00000000       0x1c C:\Users\pc-hp\Documents\LPC812\SYSTICK\lpc_chip_8xx\Debug\liblpc_chip_8xx.a(syscon_8xx.o)
 .debug_macro   0x00000000       0x64 C:\Users\pc-hp\Documents\LPC812\SYSTICK\lpc_chip_8xx\Debug\liblpc_chip_8xx.a(syscon_8xx.o)
 .debug_macro   0x00000000       0x10 C:\Users\pc-hp\Documents\LPC812\SYSTICK\lpc_chip_8xx\Debug\liblpc_chip_8xx.a(syscon_8xx.o)
 .debug_macro   0x00000000       0x22 C:\Users\pc-hp\Documents\LPC812\SYSTICK\lpc_chip_8xx\Debug\liblpc_chip_8xx.a(syscon_8xx.o)
 .debug_macro   0x00000000       0xb2 C:\Users\pc-hp\Documents\LPC812\SYSTICK\lpc_chip_8xx\Debug\liblpc_chip_8xx.a(syscon_8xx.o)
 .debug_macro   0x00000000       0x58 C:\Users\pc-hp\Documents\LPC812\SYSTICK\lpc_chip_8xx\Debug\liblpc_chip_8xx.a(syscon_8xx.o)
 .debug_macro   0x00000000       0x58 C:\Users\pc-hp\Documents\LPC812\SYSTICK\lpc_chip_8xx\Debug\liblpc_chip_8xx.a(syscon_8xx.o)
 .debug_macro   0x00000000       0x6a C:\Users\pc-hp\Documents\LPC812\SYSTICK\lpc_chip_8xx\Debug\liblpc_chip_8xx.a(syscon_8xx.o)
 .debug_macro   0x00000000       0x82 C:\Users\pc-hp\Documents\LPC812\SYSTICK\lpc_chip_8xx\Debug\liblpc_chip_8xx.a(syscon_8xx.o)
 .debug_macro   0x00000000       0x16 C:\Users\pc-hp\Documents\LPC812\SYSTICK\lpc_chip_8xx\Debug\liblpc_chip_8xx.a(syscon_8xx.o)
 .debug_macro   0x00000000      0x131 C:\Users\pc-hp\Documents\LPC812\SYSTICK\lpc_chip_8xx\Debug\liblpc_chip_8xx.a(syscon_8xx.o)
 .debug_macro   0x00000000       0x22 C:\Users\pc-hp\Documents\LPC812\SYSTICK\lpc_chip_8xx\Debug\liblpc_chip_8xx.a(syscon_8xx.o)
 .debug_macro   0x00000000       0x52 C:\Users\pc-hp\Documents\LPC812\SYSTICK\lpc_chip_8xx\Debug\liblpc_chip_8xx.a(syscon_8xx.o)
 .debug_macro   0x00000000      0x181 C:\Users\pc-hp\Documents\LPC812\SYSTICK\lpc_chip_8xx\Debug\liblpc_chip_8xx.a(syscon_8xx.o)
 .debug_macro   0x00000000      0x289 C:\Users\pc-hp\Documents\LPC812\SYSTICK\lpc_chip_8xx\Debug\liblpc_chip_8xx.a(syscon_8xx.o)
 .debug_macro   0x00000000      0x28b C:\Users\pc-hp\Documents\LPC812\SYSTICK\lpc_chip_8xx\Debug\liblpc_chip_8xx.a(syscon_8xx.o)
 .debug_macro   0x00000000       0x2e C:\Users\pc-hp\Documents\LPC812\SYSTICK\lpc_chip_8xx\Debug\liblpc_chip_8xx.a(syscon_8xx.o)
 .debug_macro   0x00000000       0x22 C:\Users\pc-hp\Documents\LPC812\SYSTICK\lpc_chip_8xx\Debug\liblpc_chip_8xx.a(syscon_8xx.o)
 .text          0x00000000        0x0 c:/nxp/lpcxpresso_7.6.2_326/lpcxpresso/tools/bin/../lib/gcc/arm-none-eabi/4.9.3/../../../../arm-none-eabi/lib/armv6-m\libcr_c.a(__weak__main.o)
 .data          0x00000000        0x0 c:/nxp/lpcxpresso_7.6.2_326/lpcxpresso/tools/bin/../lib/gcc/arm-none-eabi/4.9.3/../../../../arm-none-eabi/lib/armv6-m\libcr_c.a(__weak__main.o)
 .bss           0x00000000        0x0 c:/nxp/lpcxpresso_7.6.2_326/lpcxpresso/tools/bin/../lib/gcc/arm-none-eabi/4.9.3/../../../../arm-none-eabi/lib/armv6-m\libcr_c.a(__weak__main.o)
 .text          0x00000000        0x0 c:/nxp/lpcxpresso_7.6.2_326/lpcxpresso/tools/bin/../lib/gcc/arm-none-eabi/4.9.3/armv6-m\libcr_eabihelpers.a(division_32.o)
 .data          0x00000000        0x0 c:/nxp/lpcxpresso_7.6.2_326/lpcxpresso/tools/bin/../lib/gcc/arm-none-eabi/4.9.3/armv6-m\libcr_eabihelpers.a(division_32.o)
 .bss           0x00000000        0x0 c:/nxp/lpcxpresso_7.6.2_326/lpcxpresso/tools/bin/../lib/gcc/arm-none-eabi/4.9.3/armv6-m\libcr_eabihelpers.a(division_32.o)
 .text.__aeabi_division_idivmod
                0x00000000       0x78 c:/nxp/lpcxpresso_7.6.2_326/lpcxpresso/tools/bin/../lib/gcc/arm-none-eabi/4.9.3/armv6-m\libcr_eabihelpers.a(division_32.o)
 .ARM.attributes
                0x00000000       0x21 c:/nxp/lpcxpresso_7.6.2_326/lpcxpresso/tools/bin/../lib/gcc/arm-none-eabi/4.9.3/armv6-m\libcr_eabihelpers.a(division_32.o)
 .text          0x00000000        0x0 c:/nxp/lpcxpresso_7.6.2_326/lpcxpresso/tools/bin/../lib/gcc/arm-none-eabi/4.9.3/armv6-m\libcr_eabihelpers.a(division_64.o)
 .data          0x00000000        0x0 c:/nxp/lpcxpresso_7.6.2_326/lpcxpresso/tools/bin/../lib/gcc/arm-none-eabi/4.9.3/armv6-m\libcr_eabihelpers.a(division_64.o)
 .bss           0x00000000        0x0 c:/nxp/lpcxpresso_7.6.2_326/lpcxpresso/tools/bin/../lib/gcc/arm-none-eabi/4.9.3/armv6-m\libcr_eabihelpers.a(division_64.o)
 .text.__aeabi_division_uldivmod
                0x00000000       0x5a c:/nxp/lpcxpresso_7.6.2_326/lpcxpresso/tools/bin/../lib/gcc/arm-none-eabi/4.9.3/armv6-m\libcr_eabihelpers.a(division_64.o)
 .text.__aeabi_division_ldivmod
                0x00000000       0x32 c:/nxp/lpcxpresso_7.6.2_326/lpcxpresso/tools/bin/../lib/gcc/arm-none-eabi/4.9.3/armv6-m\libcr_eabihelpers.a(division_64.o)
 .ARM.attributes
                0x00000000       0x21 c:/nxp/lpcxpresso_7.6.2_326/lpcxpresso/tools/bin/../lib/gcc/arm-none-eabi/4.9.3/armv6-m\libcr_eabihelpers.a(division_64.o)
 .text          0x00000000        0x0 c:/nxp/lpcxpresso_7.6.2_326/lpcxpresso/tools/bin/../lib/gcc/arm-none-eabi/4.9.3/armv6-m\libcr_eabihelpers.a(division_idiv0.o)
 .data          0x00000000        0x0 c:/nxp/lpcxpresso_7.6.2_326/lpcxpresso/tools/bin/../lib/gcc/arm-none-eabi/4.9.3/armv6-m\libcr_eabihelpers.a(division_idiv0.o)
 .bss           0x00000000        0x0 c:/nxp/lpcxpresso_7.6.2_326/lpcxpresso/tools/bin/../lib/gcc/arm-none-eabi/4.9.3/armv6-m\libcr_eabihelpers.a(division_idiv0.o)
 .text.__aeabi_division_idiv0
                0x00000000        0x2 c:/nxp/lpcxpresso_7.6.2_326/lpcxpresso/tools/bin/../lib/gcc/arm-none-eabi/4.9.3/armv6-m\libcr_eabihelpers.a(division_idiv0.o)
 .ARM.attributes
                0x00000000       0x21 c:/nxp/lpcxpresso_7.6.2_326/lpcxpresso/tools/bin/../lib/gcc/arm-none-eabi/4.9.3/armv6-m\libcr_eabihelpers.a(division_idiv0.o)

Memory Configuration

Name             Origin             Length             Attributes
MFlash16         0x00000000         0x00004000         xr
RamLoc4          0x10000000         0x00001000         xrw
*default*        0x00000000         0xffffffff

Linker script and memory map

LOAD ./src/cr_startup_lpc8xx.o
LOAD ./src/crp.o
LOAD ./src/main.o
LOAD ./src/mtb.o
LOAD ./src/sysinit.o
LOAD C:\Users\pc-hp\Documents\LPC812\SYSTICK\lpc_chip_8xx\Debug\liblpc_chip_8xx.a
START GROUP
LOAD c:/nxp/lpcxpresso_7.6.2_326/lpcxpresso/tools/bin/../lib/gcc/arm-none-eabi/4.9.3/../../../../arm-none-eabi/lib/armv6-m\libcr_c.a
LOAD c:/nxp/lpcxpresso_7.6.2_326/lpcxpresso/tools/bin/../lib/gcc/arm-none-eabi/4.9.3/armv6-m\libcr_eabihelpers.a
END GROUP
                0x00004000                __top_MFlash16 = 0x4000
                0x10001000                __top_RamLoc4 = 0x10001000

.text           0x00000000      0x7c4
 FILL mask 0xff
                0x00000000                __vectors_start__ = ABSOLUTE (.)
 *(.isr_vector)
 .isr_vector    0x00000000       0xc0 ./src/cr_startup_lpc8xx.o
                0x00000000                g_pfnVectors
                0x000000c0                . = ALIGN (0x4)
                0x000000c0                __section_table_start = .
                0x000000c0                __data_section_table = .
                0x000000c0        0x4 LONG 0x7c4 LOADADDR (.data)
                0x000000c4        0x4 LONG 0x10000100 ADDR (.data)
                0x000000c8        0x4 LONG 0x0 SIZEOF (.data)
                0x000000cc                __data_section_table_end = .
                0x000000cc                __bss_section_table = .
                0x000000cc        0x4 LONG 0x10000100 ADDR (.bss)
                0x000000d0        0x4 LONG 0x0 SIZEOF (.bss)
                0x000000d4                __bss_section_table_end = .
                0x000000d4                __section_table_end = .
 *(.after_vectors*)
 .after_vectors
                0x000000d4      0x128 ./src/cr_startup_lpc8xx.o
                0x000000d4                data_init
                0x00000114                bss_init
                0x00000148                ResetISR
                0x000001cc                NMI_Handler
                0x000001d4                HardFault_Handler
                0x000001dc                SVC_Handler
                0x000001e4                PendSV_Handler
                0x000001f4                MRT_IRQHandler
                0x000001f4                UART1_IRQHandler
                0x000001f4                UART0_IRQHandler
                0x000001f4                PININT2_IRQHandler
                0x000001f4                PININT1_IRQHandler
                0x000001f4                SPI1_IRQHandler
                0x000001f4                IntDefaultHandler
                0x000001f4                PININT7_IRQHandler
                0x000001f4                PININT3_IRQHandler
                0x000001f4                UART2_IRQHandler
                0x000001f4                PININT5_IRQHandler
                0x000001f4                PININT4_IRQHandler
                0x000001f4                PININT0_IRQHandler
                0x000001f4                BOD_IRQHandler
                0x000001f4                SCT_IRQHandler
                0x000001f4                I2C_IRQHandler
                0x000001f4                WDT_IRQHandler
                0x000001f4                WKT_IRQHandler
                0x000001f4                PININT6_IRQHandler
                0x000001f4                SPI0_IRQHandler
                0x000001f4                CMP_IRQHandler
                0x000002fc                . = 0x2fc
 *fill*         0x000001fc      0x100 ff
                0x000002fc                PROVIDE (__CRP_WORD_START__, .)
 *(.crp)
 .crp           0x000002fc        0x4 ./src/crp.o
                0x000002fc                CRP_WORD
                0x00000300                PROVIDE (__CRP_WORD_END__, .)
                0x00000001                ASSERT (! ((__CRP_WORD_START__ == __CRP_WORD_END__)), Linker CRP Enabled, but no CRP_WORD provided within application)
 *(.text*)
 .text.NVIC_SetPriority
                0x00000300       0xd4 ./src/main.o
 .text.SysTick_Config
                0x000003d4       0x48 ./src/main.o
 .text.Chip_GPIO_SetPinDIROutput
                0x0000041c       0x50 ./src/main.o
 .text.Chip_GPIO_SetPinOutHigh
                0x0000046c       0x3c ./src/main.o
 .text.Chip_GPIO_SetPinOutLow
                0x000004a8       0x3c ./src/main.o
 .text.Chip_GPIO_SetPinToggle
                0x000004e4       0x3c ./src/main.o
 .text.main     0x00000520       0x54 ./src/main.o
                0x00000520                main
 .text.SysTick_Handler
                0x00000574       0x24 ./src/main.o
                0x00000574                SysTick_Handler
 .text.SystemInit
                0x00000598        0xc ./src/sysinit.o
                0x00000598                SystemInit
 .text.Chip_Clock_EnablePeriphClock
                0x000005a4       0x34 C:\Users\pc-hp\Documents\LPC812\SYSTICK\lpc_chip_8xx\Debug\liblpc_chip_8xx.a(gpio_8xx.o)
 .text.Chip_GPIO_Init
                0x000005d8       0x14 C:\Users\pc-hp\Documents\LPC812\SYSTICK\lpc_chip_8xx\Debug\liblpc_chip_8xx.a(gpio_8xx.o)
                0x000005d8                Chip_GPIO_Init
 .text.Chip_Clock_SetupSystemPLL
                0x000005ec       0x34 C:\Users\pc-hp\Documents\LPC812\SYSTICK\lpc_chip_8xx\Debug\liblpc_chip_8xx.a(sysinit_8xx.o)
 .text.Chip_Clock_IsSystemPLLLocked
                0x00000620       0x1c C:\Users\pc-hp\Documents\LPC812\SYSTICK\lpc_chip_8xx\Debug\liblpc_chip_8xx.a(sysinit_8xx.o)
 .text.Chip_Clock_SetSysClockDiv
                0x0000063c       0x18 C:\Users\pc-hp\Documents\LPC812\SYSTICK\lpc_chip_8xx\Debug\liblpc_chip_8xx.a(sysinit_8xx.o)
 .text.Chip_FMC_SetFLASHAccess
                0x00000654       0x2c C:\Users\pc-hp\Documents\LPC812\SYSTICK\lpc_chip_8xx\Debug\liblpc_chip_8xx.a(sysinit_8xx.o)
 .text.Chip_SetupIrcClocking
                0x00000680       0x50 C:\Users\pc-hp\Documents\LPC812\SYSTICK\lpc_chip_8xx\Debug\liblpc_chip_8xx.a(sysinit_8xx.o)
                0x00000680                Chip_SetupIrcClocking
 .text.Chip_SystemInit
                0x000006d0        0xc C:\Users\pc-hp\Documents\LPC812\SYSTICK\lpc_chip_8xx\Debug\liblpc_chip_8xx.a(sysinit_8xx.o)
                0x000006d0                Chip_SystemInit
 .text.Chip_Clock_SetSystemPLLSource
                0x000006dc       0x2c C:\Users\pc-hp\Documents\LPC812\SYSTICK\lpc_chip_8xx\Debug\liblpc_chip_8xx.a(clock_8xx.o)
                0x000006dc                Chip_Clock_SetSystemPLLSource
 .text.Chip_Clock_SetMainClockSource
                0x00000708       0x2c C:\Users\pc-hp\Documents\LPC812\SYSTICK\lpc_chip_8xx\Debug\liblpc_chip_8xx.a(clock_8xx.o)
                0x00000708                Chip_Clock_SetMainClockSource
 .text.Chip_SYSCTL_PowerDown
                0x00000734       0x44 C:\Users\pc-hp\Documents\LPC812\SYSTICK\lpc_chip_8xx\Debug\liblpc_chip_8xx.a(syscon_8xx.o)
                0x00000734                Chip_SYSCTL_PowerDown
 .text.Chip_SYSCTL_PowerUp
                0x00000778       0x44 C:\Users\pc-hp\Documents\LPC812\SYSTICK\lpc_chip_8xx\Debug\liblpc_chip_8xx.a(syscon_8xx.o)
                0x00000778                Chip_SYSCTL_PowerUp
 .text.__weak_main
                0x000007bc        0x8 c:/nxp/lpcxpresso_7.6.2_326/lpcxpresso/tools/bin/../lib/gcc/arm-none-eabi/4.9.3/../../../../arm-none-eabi/lib/armv6-m\libcr_c.a(__weak__main.o)
                0x000007bc                __weak_main
                0x000007bc                __main
 *(.rodata .rodata.* .constdata .constdata.*)
                0x000007c4                . = ALIGN (0x4)

.glue_7         0x000007c4        0x0
 .glue_7        0x00000000        0x0 linker stubs

.glue_7t        0x000007c4        0x0
 .glue_7t       0x00000000        0x0 linker stubs

.vfp11_veneer   0x000007c4        0x0
 .vfp11_veneer  0x00000000        0x0 linker stubs

.v4_bx          0x000007c4        0x0
 .v4_bx         0x00000000        0x0 linker stubs

.iplt           0x000007c4        0x0
 .iplt          0x00000000        0x0 ./src/cr_startup_lpc8xx.o

.rel.dyn        0x000007c4        0x0
 .rel.iplt      0x00000000        0x0 ./src/cr_startup_lpc8xx.o

.ARM.extab
 *(.ARM.extab* .gnu.linkonce.armextab.*)
                0x000007c4                __exidx_start = .

.ARM.exidx
 *(.ARM.exidx* .gnu.linkonce.armexidx.*)
                0x000007c4                __exidx_end = .
                0x000007c4                _etext = .

.mtb_buffer_default
                0x10000000      0x100
 *(.mtb*)
 .mtb.$RAM1     0x10000000      0x100 ./src/mtb.o
                0x10000000                __mtb_buffer__

.uninit_RESERVED
                0x10000100        0x0
 *(.bss.$RESERVED*)
                0x10000100                . = ALIGN (0x4)
                0x10000100                _end_uninit_RESERVED = .

.data           0x10000100        0x0 load address 0x000007c4
 FILL mask 0xff
                0x10000100                _data = .
 *(vtable)
 *(.ramfunc*)
 *(.data*)
                0x10000100                . = ALIGN (0x4)
                0x10000100                _edata = .

.igot.plt       0x10000100        0x0 load address 0x000007c4
 .igot.plt      0x00000000        0x0 ./src/cr_startup_lpc8xx.o

.bss            0x10000100        0x0 load address 0x000007c4
                0x10000100                _bss = .
 *(.bss*)
 *(COMMON)
                0x10000100                . = ALIGN (0x4)
                0x10000100                _ebss = .
                0x10000100                PROVIDE (end, .)

.noinit         0x10000100        0x0 load address 0x000007c4
                0x10000100                _noinit = .
 *(.noinit*)
                0x10000100                . = ALIGN (0x4)
                0x10000100                _end_noinit = .
                0x10000100                PROVIDE (_pvHeapStart, DEFINED (__user_heap_base)?__user_heap_base:.)
                0x10001000                PROVIDE (_vStackTop, DEFINED (__user_stack_top)?__user_stack_top:(__top_RamLoc4 - 0x0))
OUTPUT(LPC812.axf elf32-littlearm)

.debug_info     0x00000000     0x24e2
 .debug_info    0x00000000      0x1fe ./src/cr_startup_lpc8xx.o
 .debug_info    0x000001fe       0x3f ./src/crp.o
 .debug_info    0x0000023d      0x68a ./src/main.o
 .debug_info    0x000008c7       0x51 ./src/mtb.o
 .debug_info    0x00000918       0xc8 ./src/sysinit.o
 .debug_info    0x000009e0      0x65c C:\Users\pc-hp\Documents\LPC812\SYSTICK\lpc_chip_8xx\Debug\liblpc_chip_8xx.a(gpio_8xx.o)
 .debug_info    0x0000103c      0x5ae C:\Users\pc-hp\Documents\LPC812\SYSTICK\lpc_chip_8xx\Debug\liblpc_chip_8xx.a(sysinit_8xx.o)
 .debug_info    0x000015ea      0xa69 C:\Users\pc-hp\Documents\LPC812\SYSTICK\lpc_chip_8xx\Debug\liblpc_chip_8xx.a(clock_8xx.o)
 .debug_info    0x00002053      0x48f C:\Users\pc-hp\Documents\LPC812\SYSTICK\lpc_chip_8xx\Debug\liblpc_chip_8xx.a(syscon_8xx.o)

.debug_abbrev   0x00000000      0x944
 .debug_abbrev  0x00000000       0xe6 ./src/cr_startup_lpc8xx.o
 .debug_abbrev  0x000000e6       0x36 ./src/crp.o
 .debug_abbrev  0x0000011c      0x1df ./src/main.o
 .debug_abbrev  0x000002fb       0x41 ./src/mtb.o
 .debug_abbrev  0x0000033c       0x6a ./src/sysinit.o
 .debug_abbrev  0x000003a6      0x125 C:\Users\pc-hp\Documents\LPC812\SYSTICK\lpc_chip_8xx\Debug\liblpc_chip_8xx.a(gpio_8xx.o)
 .debug_abbrev  0x000004cb      0x13d C:\Users\pc-hp\Documents\LPC812\SYSTICK\lpc_chip_8xx\Debug\liblpc_chip_8xx.a(sysinit_8xx.o)
 .debug_abbrev  0x00000608      0x26e C:\Users\pc-hp\Documents\LPC812\SYSTICK\lpc_chip_8xx\Debug\liblpc_chip_8xx.a(clock_8xx.o)
 .debug_abbrev  0x00000876       0xce C:\Users\pc-hp\Documents\LPC812\SYSTICK\lpc_chip_8xx\Debug\liblpc_chip_8xx.a(syscon_8xx.o)

.debug_aranges  0x00000000      0x2b8
 .debug_aranges
                0x00000000       0x60 ./src/cr_startup_lpc8xx.o
 .debug_aranges
                0x00000060       0x18 ./src/crp.o
 .debug_aranges
                0x00000078       0x58 ./src/main.o
 .debug_aranges
                0x000000d0       0x18 ./src/mtb.o
 .debug_aranges
                0x000000e8       0x20 ./src/sysinit.o
 .debug_aranges
                0x00000108       0x38 C:\Users\pc-hp\Documents\LPC812\SYSTICK\lpc_chip_8xx\Debug\liblpc_chip_8xx.a(gpio_8xx.o)
 .debug_aranges
                0x00000140       0x50 C:\Users\pc-hp\Documents\LPC812\SYSTICK\lpc_chip_8xx\Debug\liblpc_chip_8xx.a(sysinit_8xx.o)
 .debug_aranges
                0x00000190       0xf0 C:\Users\pc-hp\Documents\LPC812\SYSTICK\lpc_chip_8xx\Debug\liblpc_chip_8xx.a(clock_8xx.o)
 .debug_aranges
                0x00000280       0x38 C:\Users\pc-hp\Documents\LPC812\SYSTICK\lpc_chip_8xx\Debug\liblpc_chip_8xx.a(syscon_8xx.o)

.debug_ranges   0x00000000      0x218
 .debug_ranges  0x00000000       0x50 ./src/cr_startup_lpc8xx.o
 .debug_ranges  0x00000050       0x48 ./src/main.o
 .debug_ranges  0x00000098       0x10 ./src/sysinit.o
 .debug_ranges  0x000000a8       0x28 C:\Users\pc-hp\Documents\LPC812\SYSTICK\lpc_chip_8xx\Debug\liblpc_chip_8xx.a(gpio_8xx.o)
 .debug_ranges  0x000000d0       0x40 C:\Users\pc-hp\Documents\LPC812\SYSTICK\lpc_chip_8xx\Debug\liblpc_chip_8xx.a(sysinit_8xx.o)
 .debug_ranges  0x00000110       0xe0 C:\Users\pc-hp\Documents\LPC812\SYSTICK\lpc_chip_8xx\Debug\liblpc_chip_8xx.a(clock_8xx.o)
 .debug_ranges  0x000001f0       0x28 C:\Users\pc-hp\Documents\LPC812\SYSTICK\lpc_chip_8xx\Debug\liblpc_chip_8xx.a(syscon_8xx.o)

.debug_macro    0x00000000     0x3778
 .debug_macro   0x00000000       0x1d ./src/cr_startup_lpc8xx.o
 .debug_macro   0x0000001d      0x850 ./src/cr_startup_lpc8xx.o
 .debug_macro   0x0000086d       0x1a ./src/crp.o
 .debug_macro   0x00000887       0x34 ./src/crp.o
 .debug_macro   0x000008bb      0x1e1 ./src/main.o
 .debug_macro   0x00000a9c       0x10 ./src/main.o
 .debug_macro   0x00000aac      0x12d ./src/main.o
 .debug_macro   0x00000bd9      0x5b2 ./src/main.o
 .debug_macro   0x0000118b       0x22 ./src/main.o
 .debug_macro   0x000011ad       0x7b ./src/main.o
 .debug_macro   0x00001228       0x10 ./src/main.o
 .debug_macro   0x00001238       0x28 ./src/main.o
 .debug_macro   0x00001260       0x3a ./src/main.o
 .debug_macro   0x0000129a       0x1f ./src/main.o
 .debug_macro   0x000012b9      0x250 ./src/main.o
 .debug_macro   0x00001509      0x145 ./src/main.o
 .debug_macro   0x0000164e       0xca ./src/main.o
 .debug_macro   0x00001718       0x6a ./src/main.o
 .debug_macro   0x00001782       0x70 ./src/main.o
 .debug_macro   0x000017f2       0x28 ./src/main.o
 .debug_macro   0x0000181a      0x190 ./src/main.o
 .debug_macro   0x000019aa       0x1c ./src/main.o
 .debug_macro   0x000019c6       0x64 ./src/main.o
 .debug_macro   0x00001a2a       0x10 ./src/main.o
 .debug_macro   0x00001a3a       0x22 ./src/main.o
 .debug_macro   0x00001a5c       0xb2 ./src/main.o
 .debug_macro   0x00001b0e       0x58 ./src/main.o
 .debug_macro   0x00001b66       0x58 ./src/main.o
 .debug_macro   0x00001bbe       0x6a ./src/main.o
 .debug_macro   0x00001c28       0x82 ./src/main.o
 .debug_macro   0x00001caa       0x16 ./src/main.o
 .debug_macro   0x00001cc0      0x131 ./src/main.o
 .debug_macro   0x00001df1       0x22 ./src/main.o
 .debug_macro   0x00001e13       0x52 ./src/main.o
 .debug_macro   0x00001e65      0x181 ./src/main.o
 .debug_macro   0x00001fe6      0x289 ./src/main.o
 .debug_macro   0x0000226f      0x28b ./src/main.o
 .debug_macro   0x000024fa       0x2e ./src/main.o
 .debug_macro   0x00002528       0x22 ./src/main.o
 .debug_macro   0x0000254a       0x29 ./src/mtb.o
 .debug_macro   0x00002573       0x82 ./src/mtb.o
 .debug_macro   0x000025f5       0x10 ./src/mtb.o
 .debug_macro   0x00002605      0x1d5 ./src/sysinit.o
 .debug_macro   0x000027da      0x1d5 C:\Users\pc-hp\Documents\LPC812\SYSTICK\lpc_chip_8xx\Debug\liblpc_chip_8xx.a(gpio_8xx.o)
 .debug_macro   0x000029af      0x832 C:\Users\pc-hp\Documents\LPC812\SYSTICK\lpc_chip_8xx\Debug\liblpc_chip_8xx.a(gpio_8xx.o)
 .debug_macro   0x000031e1      0x1d5 C:\Users\pc-hp\Documents\LPC812\SYSTICK\lpc_chip_8xx\Debug\liblpc_chip_8xx.a(sysinit_8xx.o)
 .debug_macro   0x000033b6      0x1d5 C:\Users\pc-hp\Documents\LPC812\SYSTICK\lpc_chip_8xx\Debug\liblpc_chip_8xx.a(clock_8xx.o)
 .debug_macro   0x0000358b      0x1ed C:\Users\pc-hp\Documents\LPC812\SYSTICK\lpc_chip_8xx\Debug\liblpc_chip_8xx.a(syscon_8xx.o)

.debug_line     0x00000000     0x1a52
 .debug_line    0x00000000       0xb9 ./src/cr_startup_lpc8xx.o
 .debug_line    0x000000b9       0x78 ./src/crp.o
 .debug_line    0x00000131      0x410 ./src/main.o
 .debug_line    0x00000541       0x95 ./src/mtb.o
 .debug_line    0x000005d6      0x36b ./src/sysinit.o
 .debug_line    0x00000941      0x3a5 C:\Users\pc-hp\Documents\LPC812\SYSTICK\lpc_chip_8xx\Debug\liblpc_chip_8xx.a(gpio_8xx.o)
 .debug_line    0x00000ce6      0x407 C:\Users\pc-hp\Documents\LPC812\SYSTICK\lpc_chip_8xx\Debug\liblpc_chip_8xx.a(sysinit_8xx.o)
 .debug_line    0x000010ed      0x5bc C:\Users\pc-hp\Documents\LPC812\SYSTICK\lpc_chip_8xx\Debug\liblpc_chip_8xx.a(clock_8xx.o)
 .debug_line    0x000016a9      0x3a9 C:\Users\pc-hp\Documents\LPC812\SYSTICK\lpc_chip_8xx\Debug\liblpc_chip_8xx.a(syscon_8xx.o)

.debug_str      0x00000000     0xb36e
 .debug_str     0x00000000     0x251b ./src/cr_startup_lpc8xx.o
                               0x252e (size before relaxing)
 .debug_str     0x0000251b       0xe9 ./src/crp.o
                               0x2491 (size before relaxing)
 .debug_str     0x00002604     0x79d5 ./src/main.o
                               0x9e2a (size before relaxing)
 .debug_str     0x00009fd9      0x519 ./src/mtb.o
                               0x28c2 (size before relaxing)
 .debug_str     0x0000a4f2       0x11 ./src/sysinit.o
                               0x9a3c (size before relaxing)
 .debug_str     0x0000a503      0x452 C:\Users\pc-hp\Documents\LPC812\SYSTICK\lpc_chip_8xx\Debug\liblpc_chip_8xx.a(gpio_8xx.o)
                               0x9e81 (size before relaxing)
 .debug_str     0x0000a955      0x217 C:\Users\pc-hp\Documents\LPC812\SYSTICK\lpc_chip_8xx\Debug\liblpc_chip_8xx.a(sysinit_8xx.o)
                               0x9e02 (size before relaxing)
 .debug_str     0x0000ab6c      0x6ee C:\Users\pc-hp\Documents\LPC812\SYSTICK\lpc_chip_8xx\Debug\liblpc_chip_8xx.a(clock_8xx.o)
                               0xa3d3 (size before relaxing)
 .debug_str     0x0000b25a      0x114 C:\Users\pc-hp\Documents\LPC812\SYSTICK\lpc_chip_8xx\Debug\liblpc_chip_8xx.a(syscon_8xx.o)
                               0x9cf7 (size before relaxing)

.comment        0x00000000       0x70
 .comment       0x00000000       0x70 ./src/cr_startup_lpc8xx.o
                                 0x71 (size before relaxing)
 .comment       0x00000000       0x71 ./src/crp.o
 .comment       0x00000000       0x71 ./src/main.o
 .comment       0x00000000       0x71 ./src/mtb.o
 .comment       0x00000000       0x71 ./src/sysinit.o
 .comment       0x00000000       0x71 C:\Users\pc-hp\Documents\LPC812\SYSTICK\lpc_chip_8xx\Debug\liblpc_chip_8xx.a(gpio_8xx.o)
 .comment       0x00000000       0x71 C:\Users\pc-hp\Documents\LPC812\SYSTICK\lpc_chip_8xx\Debug\liblpc_chip_8xx.a(sysinit_8xx.o)
 .comment       0x00000000       0x71 C:\Users\pc-hp\Documents\LPC812\SYSTICK\lpc_chip_8xx\Debug\liblpc_chip_8xx.a(clock_8xx.o)
 .comment       0x00000000       0x71 C:\Users\pc-hp\Documents\LPC812\SYSTICK\lpc_chip_8xx\Debug\liblpc_chip_8xx.a(syscon_8xx.o)
 .comment       0x00000000       0x71 c:/nxp/lpcxpresso_7.6.2_326/lpcxpresso/tools/bin/../lib/gcc/arm-none-eabi/4.9.3/../../../../arm-none-eabi/lib/armv6-m\libcr_c.a(__weak__main.o)

.ARM.attributes
                0x00000000       0x2f
 .ARM.attributes
                0x00000000       0x31 ./src/cr_startup_lpc8xx.o
 .ARM.attributes
                0x00000031       0x31 ./src/crp.o
 .ARM.attributes
                0x00000062       0x31 ./src/main.o
 .ARM.attributes
                0x00000093       0x31 ./src/mtb.o
 .ARM.attributes
                0x000000c4       0x31 ./src/sysinit.o
 .ARM.attributes
                0x000000f5       0x31 C:\Users\pc-hp\Documents\LPC812\SYSTICK\lpc_chip_8xx\Debug\liblpc_chip_8xx.a(gpio_8xx.o)
 .ARM.attributes
                0x00000126       0x31 C:\Users\pc-hp\Documents\LPC812\SYSTICK\lpc_chip_8xx\Debug\liblpc_chip_8xx.a(sysinit_8xx.o)
 .ARM.attributes
                0x00000157       0x31 C:\Users\pc-hp\Documents\LPC812\SYSTICK\lpc_chip_8xx\Debug\liblpc_chip_8xx.a(clock_8xx.o)
 .ARM.attributes
                0x00000188       0x31 C:\Users\pc-hp\Documents\LPC812\SYSTICK\lpc_chip_8xx\Debug\liblpc_chip_8xx.a(syscon_8xx.o)
 .ARM.attributes
                0x000001b9       0x31 c:/nxp/lpcxpresso_7.6.2_326/lpcxpresso/tools/bin/../lib/gcc/arm-none-eabi/4.9.3/../../../../arm-none-eabi/lib/armv6-m\libcr_c.a(__weak__main.o)

.debug_frame    0x00000000      0x7a4
 .debug_frame   0x00000000      0x118 ./src/cr_startup_lpc8xx.o
 .debug_frame   0x00000118      0x10c ./src/main.o
 .debug_frame   0x00000224       0x2c ./src/sysinit.o
 .debug_frame   0x00000250       0x90 C:\Users\pc-hp\Documents\LPC812\SYSTICK\lpc_chip_8xx\Debug\liblpc_chip_8xx.a(gpio_8xx.o)
 .debug_frame   0x000002e0       0xe0 C:\Users\pc-hp\Documents\LPC812\SYSTICK\lpc_chip_8xx\Debug\liblpc_chip_8xx.a(sysinit_8xx.o)
 .debug_frame   0x000003c0      0x354 C:\Users\pc-hp\Documents\LPC812\SYSTICK\lpc_chip_8xx\Debug\liblpc_chip_8xx.a(clock_8xx.o)
 .debug_frame   0x00000714       0x90 C:\Users\pc-hp\Documents\LPC812\SYSTICK\lpc_chip_8xx\Debug\liblpc_chip_8xx.a(syscon_8xx.o)
