Archive member included because of file (symbol)

C:\Users\pc-hp\Documents\LPC812\CPP_CODES\lpc_chip_8xx\Debug\liblpc_chip_8xx.a(gpio_8xx.o)
                              ./src/LPC812.o (Chip_GPIO_Init)
C:\Users\pc-hp\Documents\LPC812\CPP_CODES\lpc_chip_8xx\Debug\liblpc_chip_8xx.a(sysinit_8xx.o)
                              ./src/sysinit.o (Chip_SystemInit)
C:\Users\pc-hp\Documents\LPC812\CPP_CODES\lpc_chip_8xx\Debug\liblpc_chip_8xx.a(clock_8xx.o)
                              C:\Users\pc-hp\Documents\LPC812\CPP_CODES\lpc_chip_8xx\Debug\liblpc_chip_8xx.a(sysinit_8xx.o) (Chip_Clock_SetSystemPLLSource)
C:\Users\pc-hp\Documents\LPC812\CPP_CODES\lpc_chip_8xx\Debug\liblpc_chip_8xx.a(syscon_8xx.o)
                              C:\Users\pc-hp\Documents\LPC812\CPP_CODES\lpc_chip_8xx\Debug\liblpc_chip_8xx.a(sysinit_8xx.o) (Chip_SYSCTL_PowerDown)
c:/nxp/lpcxpresso_7.6.2_326/lpcxpresso/tools/bin/../lib/gcc/arm-none-eabi/4.9.3/armv6-m\libgcc.a(_udivsi3.o)
                              C:\Users\pc-hp\Documents\LPC812\CPP_CODES\lpc_chip_8xx\Debug\liblpc_chip_8xx.a(clock_8xx.o) (__aeabi_uidiv)
c:/nxp/lpcxpresso_7.6.2_326/lpcxpresso/tools/bin/../lib/gcc/arm-none-eabi/4.9.3/armv6-m\libgcc.a(_dvmd_tls.o)
                              c:/nxp/lpcxpresso_7.6.2_326/lpcxpresso/tools/bin/../lib/gcc/arm-none-eabi/4.9.3/armv6-m\libgcc.a(_udivsi3.o) (__aeabi_idiv0)
c:/nxp/lpcxpresso_7.6.2_326/lpcxpresso/tools/bin/../lib/gcc/arm-none-eabi/4.9.3/armv6-m\libgcc.a(_aeabi_uldivmod.o)
                              C:\Users\pc-hp\Documents\LPC812\CPP_CODES\lpc_chip_8xx\Debug\liblpc_chip_8xx.a(clock_8xx.o) (__aeabi_uldivmod)
c:/nxp/lpcxpresso_7.6.2_326/lpcxpresso/tools/bin/../lib/gcc/arm-none-eabi/4.9.3/armv6-m\libgcc.a(bpabi.o)
                              c:/nxp/lpcxpresso_7.6.2_326/lpcxpresso/tools/bin/../lib/gcc/arm-none-eabi/4.9.3/armv6-m\libgcc.a(_aeabi_uldivmod.o) (__gnu_uldivmod_helper)
c:/nxp/lpcxpresso_7.6.2_326/lpcxpresso/tools/bin/../lib/gcc/arm-none-eabi/4.9.3/armv6-m\libgcc.a(_muldi3.o)
                              c:/nxp/lpcxpresso_7.6.2_326/lpcxpresso/tools/bin/../lib/gcc/arm-none-eabi/4.9.3/armv6-m\libgcc.a(bpabi.o) (__aeabi_lmul)
c:/nxp/lpcxpresso_7.6.2_326/lpcxpresso/tools/bin/../lib/gcc/arm-none-eabi/4.9.3/armv6-m\libgcc.a(_divdi3.o)
                              c:/nxp/lpcxpresso_7.6.2_326/lpcxpresso/tools/bin/../lib/gcc/arm-none-eabi/4.9.3/armv6-m\libgcc.a(bpabi.o) (__divdi3)
c:/nxp/lpcxpresso_7.6.2_326/lpcxpresso/tools/bin/../lib/gcc/arm-none-eabi/4.9.3/armv6-m\libgcc.a(_udivdi3.o)
                              c:/nxp/lpcxpresso_7.6.2_326/lpcxpresso/tools/bin/../lib/gcc/arm-none-eabi/4.9.3/armv6-m\libgcc.a(bpabi.o) (__udivdi3)
c:/nxp/lpcxpresso_7.6.2_326/lpcxpresso/tools/bin/../lib/gcc/arm-none-eabi/4.9.3/armv6-m\libgcc.a(_clzdi2.o)
                              c:/nxp/lpcxpresso_7.6.2_326/lpcxpresso/tools/bin/../lib/gcc/arm-none-eabi/4.9.3/armv6-m\libgcc.a(_divdi3.o) (__clzdi2)
c:/nxp/lpcxpresso_7.6.2_326/lpcxpresso/tools/bin/../lib/gcc/arm-none-eabi/4.9.3/armv6-m\libgcc.a(_clzsi2.o)
                              c:/nxp/lpcxpresso_7.6.2_326/lpcxpresso/tools/bin/../lib/gcc/arm-none-eabi/4.9.3/armv6-m\libgcc.a(_clzdi2.o) (__clzsi2)
c:/nxp/lpcxpresso_7.6.2_326/lpcxpresso/tools/bin/../lib/gcc/arm-none-eabi/4.9.3/../../../../arm-none-eabi/lib/armv6-m\libc.a(lib_a-init.o)
                              ./src/cr_startup_lpc8xx.o (__libc_init_array)
c:/nxp/lpcxpresso_7.6.2_326/lpcxpresso/tools/bin/../lib/gcc/arm-none-eabi/4.9.3/../../../../arm-none-eabi/lib/armv6-m\libc.a(lib_a-malloc.o)
                              ./src/cr_cpp_config.o (malloc)
c:/nxp/lpcxpresso_7.6.2_326/lpcxpresso/tools/bin/../lib/gcc/arm-none-eabi/4.9.3/../../../../arm-none-eabi/lib/armv6-m\libc.a(lib_a-mallocr.o)
                              c:/nxp/lpcxpresso_7.6.2_326/lpcxpresso/tools/bin/../lib/gcc/arm-none-eabi/4.9.3/../../../../arm-none-eabi/lib/armv6-m\libc.a(lib_a-malloc.o) (_malloc_r)
c:/nxp/lpcxpresso_7.6.2_326/lpcxpresso/tools/bin/../lib/gcc/arm-none-eabi/4.9.3/../../../../arm-none-eabi/lib/armv6-m\libc.a(lib_a-mlock.o)
                              c:/nxp/lpcxpresso_7.6.2_326/lpcxpresso/tools/bin/../lib/gcc/arm-none-eabi/4.9.3/../../../../arm-none-eabi/lib/armv6-m\libc.a(lib_a-mallocr.o) (__malloc_lock)
c:/nxp/lpcxpresso_7.6.2_326/lpcxpresso/tools/bin/../lib/gcc/arm-none-eabi/4.9.3/../../../../arm-none-eabi/lib/armv6-m\libc.a(lib_a-sbrkr.o)
                              c:/nxp/lpcxpresso_7.6.2_326/lpcxpresso/tools/bin/../lib/gcc/arm-none-eabi/4.9.3/../../../../arm-none-eabi/lib/armv6-m\libc.a(lib_a-mallocr.o) (_sbrk_r)
c:/nxp/lpcxpresso_7.6.2_326/lpcxpresso/tools/bin/../lib/gcc/arm-none-eabi/4.9.3/../../../../arm-none-eabi/lib/armv6-m\libc.a(lib_a-freer.o)
                              c:/nxp/lpcxpresso_7.6.2_326/lpcxpresso/tools/bin/../lib/gcc/arm-none-eabi/4.9.3/../../../../arm-none-eabi/lib/armv6-m\libc.a(lib_a-malloc.o) (_free_r)
[...]
Memory Configuration

Name             Origin             Length             Attributes
MFlash16         0x00000000         0x00004000         xr
RamLoc4          0x10000000         0x00001000         xrw
*default*        0x00000000         0xffffffff

Linker script and memory map

LOAD ./src/LPC812.o
LOAD ./src/cr_cpp_config.o
LOAD ./src/cr_startup_lpc8xx.o
LOAD ./src/crp.o
LOAD ./src/mtb.o
LOAD ./src/sysinit.o
LOAD C:\Users\pc-hp\Documents\LPC812\CPP_CODES\lpc_chip_8xx\Debug\liblpc_chip_8xx.a
START GROUP
LOAD c:/nxp/lpcxpresso_7.6.2_326/lpcxpresso/tools/bin/../lib/gcc/arm-none-eabi/4.9.3/armv6-m\libgcc.a
LOAD c:/nxp/lpcxpresso_7.6.2_326/lpcxpresso/tools/bin/../lib/gcc/arm-none-eabi/4.9.3/../../../../arm-none-eabi/lib/armv6-m\libc.a
LOAD c:/nxp/lpcxpresso_7.6.2_326/lpcxpresso/tools/bin/../lib/gcc/arm-none-eabi/4.9.3/../../../../arm-none-eabi/lib/armv6-m\libstdc++.a
LOAD c:/nxp/lpcxpresso_7.6.2_326/lpcxpresso/tools/bin/../lib/gcc/arm-none-eabi/4.9.3/../../../../arm-none-eabi/lib/armv6-m\libm.a
LOAD c:/nxp/lpcxpresso_7.6.2_326/lpcxpresso/tools/bin/../lib/gcc/arm-none-eabi/4.9.3/../../../../arm-none-eabi/lib/armv6-m\libcr_newlib_nohost.a
LOAD c:/nxp/lpcxpresso_7.6.2_326/lpcxpresso/tools/bin/../lib/gcc/arm-none-eabi/4.9.3/armv6-m\crti.o
LOAD c:/nxp/lpcxpresso_7.6.2_326/lpcxpresso/tools/bin/../lib/gcc/arm-none-eabi/4.9.3/armv6-m\crtn.o
LOAD c:/nxp/lpcxpresso_7.6.2_326/lpcxpresso/tools/bin/../lib/gcc/arm-none-eabi/4.9.3/armv6-m\crtbegin.o
LOAD c:/nxp/lpcxpresso_7.6.2_326/lpcxpresso/tools/bin/../lib/gcc/arm-none-eabi/4.9.3/armv6-m\crtend.o
END GROUP
                0x00004000                __top_MFlash16 = 0x4000
                0x10001000                __top_RamLoc4 = 0x10001000

.text           0x00000000      0x858
 FILL mask 0xff
                0x00000000                __vectors_start__ = ABSOLUTE (.)
 *(.isr_vector)
 .isr_vector    0x00000000       0xc0 ./src/cr_startup_lpc8xx.o
                0x00000000                g_pfnVectors
                0x000000c0                . = ALIGN (0x4)
                0x000000c0                __section_table_start = .
                0x000000c0                __data_section_table = .
                0x000000c0        0x4 LONG 0x858 LOADADDR (.data)
                0x000000c4        0x4 LONG 0x10000000 ADDR (.data)
                0x000000c8        0x4 LONG 0x0 SIZEOF (.data)
                0x000000cc                __data_section_table_end = .
                0x000000cc                __bss_section_table = .
                0x000000cc        0x4 LONG 0x10000000 ADDR (.bss)
                0x000000d0        0x4 LONG 0x24 SIZEOF (.bss)
                0x000000d4                __bss_section_table_end = .
                0x000000d4                __section_table_end = .
 *(.after_vectors*)
 .after_vectors
                0x000000d4      0x12c ./src/cr_startup_lpc8xx.o
                0x000000d4                data_init(unsigned int, unsigned int, unsigned int)
                0x00000114                bss_init(unsigned int, unsigned int)
                0x00000148                ResetISR
                0x000001d0                NMI_Handler
                0x000001d8                HardFault_Handler
                0x000001e0                SVC_Handler
                0x000001e8                PendSV_Handler
                0x000001f8                PININT1_IRQHandler
                0x000001f8                MRT_IRQHandler
                0x000001f8                UART1_IRQHandler
                0x000001f8                UART0_IRQHandler
                0x000001f8                SPI1_IRQHandler
                0x000001f8                PININT2_IRQHandler
                0x000001f8                PININT3_IRQHandler
                0x000001f8                UART2_IRQHandler
                0x000001f8                PININT5_IRQHandler
                0x000001f8                PININT4_IRQHandler
                0x000001f8                WKT_IRQHandler
                0x000001f8                PININT0_IRQHandler
                0x000001f8                BOD_IRQHandler
                0x000001f8                SCT_IRQHandler
                0x000001f8                I2C_IRQHandler
                0x000001f8                PININT7_IRQHandler
                0x000001f8                WDT_IRQHandler
                0x000001f8                IntDefaultHandler
                0x000001f8                PININT6_IRQHandler
                0x000001f8                SPI0_IRQHandler
                0x000001f8                CMP_IRQHandler
 *(.text*)
 .text.NVIC_SetPriority
                0x00000200       0xd4 ./src/LPC812.o
 .text.SysTick_Config
                0x000002d4       0x48 ./src/LPC812.o
 .text.Chip_GPIO_SetPinDIROutput
                0x0000031c       0x50 ./src/LPC812.o
 .text.Chip_GPIO_SetPinOutHigh
                0x0000036c       0x3c ./src/LPC812.o
 .text.Chip_GPIO_SetPinOutLow
                0x000003a8       0x3c ./src/LPC812.o
 .text.Chip_GPIO_SetPinToggle
                0x000003e4       0x3c ./src/LPC812.o
 .text._ZN3LEDC2Eh
                0x00000420       0x3c ./src/LPC812.o
                0x00000420                LED::LED(unsigned char)
                0x00000420                LED::LED(unsigned char)
 .text._ZN3LED7set_ledEv
                0x0000045c       0x24 ./src/LPC812.o
                0x0000045c                LED::set_led()
 .text._ZN3LED9clear_ledEv
                0x00000480       0x24 ./src/LPC812.o
                0x00000480                LED::clear_led()
 .text._ZN3LED10toggle_ledEv
                0x000004a4       0x24 ./src/LPC812.o
                0x000004a4                LED::toggle_led()
 .text.main     0x000004c8       0x2c ./src/LPC812.o
                0x000004c8                main
 .text.SysTick_Handler
                0x000004f4       0x20 ./src/LPC812.o
                0x000004f4                SysTick_Handler
 .text._Z41__static_initialization_and_destruction_0ii
                0x00000514       0x40 ./src/LPC812.o
 .text._GLOBAL__sub_I__ZN3LEDC2Eh
                0x00000554       0x18 ./src/LPC812.o
 .text.SystemInit
                0x0000056c        0xc ./src/sysinit.o
                0x0000056c                SystemInit
 .text.Chip_Clock_EnablePeriphClock
                0x00000578       0x34 C:\Users\pc-hp\Documents\LPC812\CPP_CODES\lpc_chip_8xx\Debug\liblpc_chip_8xx.a(gpio_8xx.o)
 .text.Chip_GPIO_Init
                0x000005ac       0x14 C:\Users\pc-hp\Documents\LPC812\CPP_CODES\lpc_chip_8xx\Debug\liblpc_chip_8xx.a(gpio_8xx.o)
                0x000005ac                Chip_GPIO_Init
 .text.Chip_Clock_SetupSystemPLL
                0x000005c0       0x34 C:\Users\pc-hp\Documents\LPC812\CPP_CODES\lpc_chip_8xx\Debug\liblpc_chip_8xx.a(sysinit_8xx.o)
 .text.Chip_Clock_IsSystemPLLLocked
                0x000005f4       0x1c C:\Users\pc-hp\Documents\LPC812\CPP_CODES\lpc_chip_8xx\Debug\liblpc_chip_8xx.a(sysinit_8xx.o)
 .text.Chip_Clock_SetSysClockDiv
                0x00000610       0x18 C:\Users\pc-hp\Documents\LPC812\CPP_CODES\lpc_chip_8xx\Debug\liblpc_chip_8xx.a(sysinit_8xx.o)
 .text.Chip_FMC_SetFLASHAccess
                0x00000628       0x2c C:\Users\pc-hp\Documents\LPC812\CPP_CODES\lpc_chip_8xx\Debug\liblpc_chip_8xx.a(sysinit_8xx.o)
 .text.Chip_SetupIrcClocking
                0x00000654       0x50 C:\Users\pc-hp\Documents\LPC812\CPP_CODES\lpc_chip_8xx\Debug\liblpc_chip_8xx.a(sysinit_8xx.o)
                0x00000654                Chip_SetupIrcClocking
 .text.Chip_SystemInit
                0x000006a4        0xc C:\Users\pc-hp\Documents\LPC812\CPP_CODES\lpc_chip_8xx\Debug\liblpc_chip_8xx.a(sysinit_8xx.o)
                0x000006a4                Chip_SystemInit
 .text.Chip_Clock_SetSystemPLLSource
                0x000006b0       0x2c C:\Users\pc-hp\Documents\LPC812\CPP_CODES\lpc_chip_8xx\Debug\liblpc_chip_8xx.a(clock_8xx.o)
                0x000006b0                Chip_Clock_SetSystemPLLSource
 .text.Chip_Clock_SetMainClockSource
                0x000006dc       0x2c C:\Users\pc-hp\Documents\LPC812\CPP_CODES\lpc_chip_8xx\Debug\liblpc_chip_8xx.a(clock_8xx.o)
                0x000006dc                Chip_Clock_SetMainClockSource
 .text.Chip_SYSCTL_PowerDown
                0x00000708       0x44 C:\Users\pc-hp\Documents\LPC812\CPP_CODES\lpc_chip_8xx\Debug\liblpc_chip_8xx.a(syscon_8xx.o)
                0x00000708                Chip_SYSCTL_PowerDown
 .text.Chip_SYSCTL_PowerUp
                0x0000074c       0x44 C:\Users\pc-hp\Documents\LPC812\CPP_CODES\lpc_chip_8xx\Debug\liblpc_chip_8xx.a(syscon_8xx.o)
                0x0000074c                Chip_SYSCTL_PowerUp
 .text.__libc_init_array
                0x00000790       0x48 c:/nxp/lpcxpresso_7.6.2_326/lpcxpresso/tools/bin/../lib/gcc/arm-none-eabi/4.9.3/../../../../arm-none-eabi/lib/armv6-m\libc.a(lib_a-init.o)
                0x00000790                __libc_init_array
 .text          0x000007d8       0x60 c:/nxp/lpcxpresso_7.6.2_326/lpcxpresso/tools/bin/../lib/gcc/arm-none-eabi/4.9.3/armv6-m\crtbegin.o
 *(.rodata .rodata.* .constdata .constdata.*)
                0x00000838                . = ALIGN (0x4)
                0x00000838                . = ALIGN (0x4)
 *(.init)
 .init          0x00000838        0x4 c:/nxp/lpcxpresso_7.6.2_326/lpcxpresso/tools/bin/../lib/gcc/arm-none-eabi/4.9.3/armv6-m\crti.o
                0x00000838                _init
 .init          0x0000083c        0x8 c:/nxp/lpcxpresso_7.6.2_326/lpcxpresso/tools/bin/../lib/gcc/arm-none-eabi/4.9.3/armv6-m\crtn.o
                0x00000844                . = ALIGN (0x4)
                0x00000844                __preinit_array_start = .
 *(.preinit_array)
                0x00000844                __preinit_array_end = .
                0x00000844                . = ALIGN (0x4)
                0x00000844                __init_array_start = .
 *(SORT(.init_array.*))
 *(.init_array)
 .init_array    0x00000844        0x4 ./src/LPC812.o
 .init_array    0x00000848        0x4 c:/nxp/lpcxpresso_7.6.2_326/lpcxpresso/tools/bin/../lib/gcc/arm-none-eabi/4.9.3/armv6-m\crtbegin.o
                0x0000084c                __init_array_end = .
 *(.fini)
 .fini          0x0000084c        0x4 c:/nxp/lpcxpresso_7.6.2_326/lpcxpresso/tools/bin/../lib/gcc/arm-none-eabi/4.9.3/armv6-m\crti.o
                0x0000084c                _fini
 .fini          0x00000850        0x8 c:/nxp/lpcxpresso_7.6.2_326/lpcxpresso/tools/bin/../lib/gcc/arm-none-eabi/4.9.3/armv6-m\crtn.o
                0x00000858                . = ALIGN (0x4)
 *crtbegin.o(.ctors)
 *(EXCLUDE_FILE(*crtend.o) .ctors)
 *(SORT(.ctors.*))
 *crtend.o(.ctors)
                0x00000858                . = ALIGN (0x4)
 *crtbegin.o(.dtors)
 *(EXCLUDE_FILE(*crtend.o) .dtors)
 *(SORT(.dtors.*))
 *crtend.o(.dtors)
                0x00000858                . = ALIGN (0x4)

.glue_7         0x00000858        0x0
 .glue_7        0x00000000        0x0 linker stubs

.glue_7t        0x00000858        0x0
 .glue_7t       0x00000000        0x0 linker stubs

.vfp11_veneer   0x00000858        0x0
 .vfp11_veneer  0x00000000        0x0 linker stubs

.v4_bx          0x00000858        0x0
 .v4_bx         0x00000000        0x0 linker stubs

.iplt           0x00000858        0x0
 .iplt          0x00000000        0x0 ./src/LPC812.o

.rel.dyn        0x00000858        0x0
 .rel.iplt      0x00000000        0x0 ./src/LPC812.o

.eh_frame       0x00000858        0x0
 .eh_frame      0x00000858        0x0 c:/nxp/lpcxpresso_7.6.2_326/lpcxpresso/tools/bin/../lib/gcc/arm-none-eabi/4.9.3/armv6-m\crtbegin.o

.ARM.extab
 *(.ARM.extab* .gnu.linkonce.armextab.*)
                0x00000858                __exidx_start = .

.ARM.exidx
 *(.ARM.exidx* .gnu.linkonce.armexidx.*)
                0x00000858                __exidx_end = .
                0x00000858                _etext = .

.mtb_buffer_default
 *(.mtb*)

.uninit_RESERVED
                0x10000000        0x0
 *(.bss.$RESERVED*)
                0x10000000                . = ALIGN (0x4)
                0x10000000                _end_uninit_RESERVED = .

.data           0x10000000        0x0 load address 0x00000858
 FILL mask 0xff
                0x10000000                _data = .
 *(vtable)
 *(.ramfunc*)
 *(.data*)
                0x10000000                . = ALIGN (0x4)
                0x10000000                _edata = .

.igot.plt       0x10000000        0x0 load address 0x00000858
 .igot.plt      0x00000000        0x0 ./src/LPC812.o

.jcr            0x10000000        0x0 load address 0x00000858
 .jcr           0x10000000        0x0 c:/nxp/lpcxpresso_7.6.2_326/lpcxpresso/tools/bin/../lib/gcc/arm-none-eabi/4.9.3/armv6-m\crtbegin.o

.bss            0x10000000       0x24 load address 0x00000858
                0x10000000                _bss = .
 *(.bss*)
 .bss.red_led   0x10000000        0x4 ./src/LPC812.o
                0x10000000                red_led
 .bss.blue_led  0x10000004        0x4 ./src/LPC812.o
                0x10000004                blue_led
 .bss           0x10000008       0x1c c:/nxp/lpcxpresso_7.6.2_326/lpcxpresso/tools/bin/../lib/gcc/arm-none-eabi/4.9.3/armv6-m\crtbegin.o
 *(COMMON)
                0x10000024                . = ALIGN (0x4)
                0x10000024                _ebss = .
                0x10000024                PROVIDE (end, .)

.noinit         0x10000024        0x0 load address 0x00000858
                0x10000024                _noinit = .
 *(.noinit*)
                0x10000024                . = ALIGN (0x4)
                0x10000024                _end_noinit = .
                0x10000024                PROVIDE (_pvHeapStart, DEFINED (__user_heap_base)?__user_heap_base:.)
                0x10001000                PROVIDE (_vStackTop, DEFINED (__user_stack_top)?__user_stack_top:(__top_RamLoc4 - 0x0))
OUTPUT(LPC812.axf elf32-littlearm)

.debug_info     0x00000000     0x28a8
 .debug_info    0x00000000      0xa57 ./src/LPC812.o
 .debug_info    0x00000a57      0x224 ./src/cr_startup_lpc8xx.o
 .debug_info    0x00000c7b       0xd3 ./src/sysinit.o
 .debug_info    0x00000d4e      0x672 C:\Users\pc-hp\Documents\LPC812\CPP_CODES\lpc_chip_8xx\Debug\liblpc_chip_8xx.a(gpio_8xx.o)
 .debug_info    0x000013c0      0x5c4 C:\Users\pc-hp\Documents\LPC812\CPP_CODES\lpc_chip_8xx\Debug\liblpc_chip_8xx.a(sysinit_8xx.o)
 .debug_info    0x00001984      0xa8a C:\Users\pc-hp\Documents\LPC812\CPP_CODES\lpc_chip_8xx\Debug\liblpc_chip_8xx.a(clock_8xx.o)
 .debug_info    0x0000240e      0x49a C:\Users\pc-hp\Documents\LPC812\CPP_CODES\lpc_chip_8xx\Debug\liblpc_chip_8xx.a(syscon_8xx.o)

.debug_abbrev   0x00000000      0x9fb
 .debug_abbrev  0x00000000      0x30a ./src/LPC812.o
 .debug_abbrev  0x0000030a       0xe9 ./src/cr_startup_lpc8xx.o
 .debug_abbrev  0x000003f3       0x6a ./src/sysinit.o
 .debug_abbrev  0x0000045d      0x125 C:\Users\pc-hp\Documents\LPC812\CPP_CODES\lpc_chip_8xx\Debug\liblpc_chip_8xx.a(gpio_8xx.o)
 .debug_abbrev  0x00000582      0x13d C:\Users\pc-hp\Documents\LPC812\CPP_CODES\lpc_chip_8xx\Debug\liblpc_chip_8xx.a(sysinit_8xx.o)
 .debug_abbrev  0x000006bf      0x26e C:\Users\pc-hp\Documents\LPC812\CPP_CODES\lpc_chip_8xx\Debug\liblpc_chip_8xx.a(clock_8xx.o)
 .debug_abbrev  0x0000092d       0xce C:\Users\pc-hp\Documents\LPC812\CPP_CODES\lpc_chip_8xx\Debug\liblpc_chip_8xx.a(syscon_8xx.o)

.debug_aranges  0x00000000      0x2b8
 .debug_aranges
                0x00000000       0x88 ./src/LPC812.o
 .debug_aranges
                0x00000088       0x60 ./src/cr_startup_lpc8xx.o
 .debug_aranges
                0x000000e8       0x20 ./src/sysinit.o
 .debug_aranges
                0x00000108       0x38 C:\Users\pc-hp\Documents\LPC812\CPP_CODES\lpc_chip_8xx\Debug\liblpc_chip_8xx.a(gpio_8xx.o)
 .debug_aranges
                0x00000140       0x50 C:\Users\pc-hp\Documents\LPC812\CPP_CODES\lpc_chip_8xx\Debug\liblpc_chip_8xx.a(sysinit_8xx.o)
 .debug_aranges
                0x00000190       0xf0 C:\Users\pc-hp\Documents\LPC812\CPP_CODES\lpc_chip_8xx\Debug\liblpc_chip_8xx.a(clock_8xx.o)
 .debug_aranges
                0x00000280       0x38 C:\Users\pc-hp\Documents\LPC812\CPP_CODES\lpc_chip_8xx\Debug\liblpc_chip_8xx.a(syscon_8xx.o)

.debug_ranges   0x00000000      0x248
 .debug_ranges  0x00000000       0x78 ./src/LPC812.o
 .debug_ranges  0x00000078       0x50 ./src/cr_startup_lpc8xx.o
 .debug_ranges  0x000000c8       0x10 ./src/sysinit.o
 .debug_ranges  0x000000d8       0x28 C:\Users\pc-hp\Documents\LPC812\CPP_CODES\lpc_chip_8xx\Debug\liblpc_chip_8xx.a(gpio_8xx.o)
 .debug_ranges  0x00000100       0x40 C:\Users\pc-hp\Documents\LPC812\CPP_CODES\lpc_chip_8xx\Debug\liblpc_chip_8xx.a(sysinit_8xx.o)
 .debug_ranges  0x00000140       0xe0 C:\Users\pc-hp\Documents\LPC812\CPP_CODES\lpc_chip_8xx\Debug\liblpc_chip_8xx.a(clock_8xx.o)
 .debug_ranges  0x00000220       0x28 C:\Users\pc-hp\Documents\LPC812\CPP_CODES\lpc_chip_8xx\Debug\liblpc_chip_8xx.a(syscon_8xx.o)

.debug_macro    0x00000000     0x34e3
 .debug_macro   0x00000000      0x1e4 ./src/LPC812.o
 .debug_macro   0x000001e4      0x874 ./src/LPC812.o
 .debug_macro   0x00000a58       0x22 ./src/LPC812.o
 .debug_macro   0x00000a7a       0x44 ./src/LPC812.o
 .debug_macro   0x00000abe       0x1c ./src/LPC812.o
 .debug_macro   0x00000ada      0x1f7 ./src/LPC812.o
 .debug_macro   0x00000cd1       0x28 ./src/LPC812.o
 .debug_macro   0x00000cf9       0x7b ./src/LPC812.o
 .debug_macro   0x00000d74       0x10 ./src/LPC812.o
 .debug_macro   0x00000d84       0x28 ./src/LPC812.o
 .debug_macro   0x00000dac       0x3a ./src/LPC812.o
 .debug_macro   0x00000de6       0x1f ./src/LPC812.o
 .debug_macro   0x00000e05      0x250 ./src/LPC812.o
 .debug_macro   0x00001055      0x145 ./src/LPC812.o
 .debug_macro   0x0000119a       0xca ./src/LPC812.o
 .debug_macro   0x00001264       0x6a ./src/LPC812.o
 .debug_macro   0x000012ce       0x70 ./src/LPC812.o
 .debug_macro   0x0000133e       0x28 ./src/LPC812.o
 .debug_macro   0x00001366      0x190 ./src/LPC812.o
 .debug_macro   0x000014f6       0x1c ./src/LPC812.o
 .debug_macro   0x00001512       0x64 ./src/LPC812.o
 .debug_macro   0x00001576       0x10 ./src/LPC812.o
 .debug_macro   0x00001586       0x22 ./src/LPC812.o
 .debug_macro   0x000015a8       0xb2 ./src/LPC812.o
 .debug_macro   0x0000165a       0x58 ./src/LPC812.o
 .debug_macro   0x000016b2       0x58 ./src/LPC812.o
 .debug_macro   0x0000170a       0x6a ./src/LPC812.o
 .debug_macro   0x00001774       0x82 ./src/LPC812.o
 .debug_macro   0x000017f6       0x16 ./src/LPC812.o
 .debug_macro   0x0000180c      0x131 ./src/LPC812.o
 .debug_macro   0x0000193d       0x22 ./src/LPC812.o
 .debug_macro   0x0000195f       0x52 ./src/LPC812.o
 .debug_macro   0x000019b1      0x181 ./src/LPC812.o
 .debug_macro   0x00001b32      0x289 ./src/LPC812.o
 .debug_macro   0x00001dbb      0x28b ./src/LPC812.o
 .debug_macro   0x00002046       0x2e ./src/LPC812.o
 .debug_macro   0x00002074       0x22 ./src/LPC812.o
 .debug_macro   0x00002096       0x1d ./src/cr_startup_lpc8xx.o
 .debug_macro   0x000020b3      0x1e4 ./src/sysinit.o
 .debug_macro   0x00002297       0x22 ./src/sysinit.o
 .debug_macro   0x000022b9      0x250 ./src/sysinit.o
 .debug_macro   0x00002509      0x1e4 C:\Users\pc-hp\Documents\LPC812\CPP_CODES\lpc_chip_8xx\Debug\liblpc_chip_8xx.a(gpio_8xx.o)
 .debug_macro   0x000026ed      0x832 C:\Users\pc-hp\Documents\LPC812\CPP_CODES\lpc_chip_8xx\Debug\liblpc_chip_8xx.a(gpio_8xx.o)
 .debug_macro   0x00002f1f      0x1e4 C:\Users\pc-hp\Documents\LPC812\CPP_CODES\lpc_chip_8xx\Debug\liblpc_chip_8xx.a(sysinit_8xx.o)
 .debug_macro   0x00003103      0x1e4 C:\Users\pc-hp\Documents\LPC812\CPP_CODES\lpc_chip_8xx\Debug\liblpc_chip_8xx.a(clock_8xx.o)
 .debug_macro   0x000032e7      0x1fc C:\Users\pc-hp\Documents\LPC812\CPP_CODES\lpc_chip_8xx\Debug\liblpc_chip_8xx.a(syscon_8xx.o)

.debug_line     0x00000000     0x1df4
 .debug_line    0x00000000      0x54b ./src/LPC812.o
 .debug_line    0x0000054b       0xb8 ./src/cr_startup_lpc8xx.o
 .debug_line    0x00000603      0x41c ./src/sysinit.o
 .debug_line    0x00000a1f      0x456 C:\Users\pc-hp\Documents\LPC812\CPP_CODES\lpc_chip_8xx\Debug\liblpc_chip_8xx.a(gpio_8xx.o)
 .debug_line    0x00000e75      0x4b8 C:\Users\pc-hp\Documents\LPC812\CPP_CODES\lpc_chip_8xx\Debug\liblpc_chip_8xx.a(sysinit_8xx.o)
 .debug_line    0x0000132d      0x66d C:\Users\pc-hp\Documents\LPC812\CPP_CODES\lpc_chip_8xx\Debug\liblpc_chip_8xx.a(clock_8xx.o)
 .debug_line    0x0000199a      0x45a C:\Users\pc-hp\Documents\LPC812\CPP_CODES\lpc_chip_8xx\Debug\liblpc_chip_8xx.a(syscon_8xx.o)

.debug_str      0x00000000     0xa734
 .debug_str     0x00000000     0x95f8 ./src/LPC812.o
                               0x9808 (size before relaxing)
 .debug_str     0x000095f8      0x187 ./src/cr_startup_lpc8xx.o
                               0x25cd (size before relaxing)
 .debug_str     0x0000977f      0x1b1 ./src/sysinit.o
                               0x8df1 (size before relaxing)
 .debug_str     0x00009930      0x461 C:\Users\pc-hp\Documents\LPC812\CPP_CODES\lpc_chip_8xx\Debug\liblpc_chip_8xx.a(gpio_8xx.o)
                               0x9246 (size before relaxing)
 .debug_str     0x00009d91      0x217 C:\Users\pc-hp\Documents\LPC812\CPP_CODES\lpc_chip_8xx\Debug\liblpc_chip_8xx.a(sysinit_8xx.o)
                               0x91c7 (size before relaxing)
 .debug_str     0x00009fa8      0x678 C:\Users\pc-hp\Documents\LPC812\CPP_CODES\lpc_chip_8xx\Debug\liblpc_chip_8xx.a(clock_8xx.o)
                               0x97a3 (size before relaxing)
 .debug_str     0x0000a620      0x114 C:\Users\pc-hp\Documents\LPC812\CPP_CODES\lpc_chip_8xx\Debug\liblpc_chip_8xx.a(syscon_8xx.o)
                               0x90b2 (size before relaxing)

.comment        0x00000000       0x70
 .comment       0x00000000       0x70 ./src/LPC812.o
                                 0x71 (size before relaxing)
 .comment       0x00000000       0x71 ./src/cr_startup_lpc8xx.o
 .comment       0x00000000       0x71 ./src/sysinit.o
 .comment       0x00000000       0x71 C:\Users\pc-hp\Documents\LPC812\CPP_CODES\lpc_chip_8xx\Debug\liblpc_chip_8xx.a(gpio_8xx.o)
 .comment       0x00000000       0x71 C:\Users\pc-hp\Documents\LPC812\CPP_CODES\lpc_chip_8xx\Debug\liblpc_chip_8xx.a(sysinit_8xx.o)
 .comment       0x00000000       0x71 C:\Users\pc-hp\Documents\LPC812\CPP_CODES\lpc_chip_8xx\Debug\liblpc_chip_8xx.a(clock_8xx.o)
 .comment       0x00000000       0x71 C:\Users\pc-hp\Documents\LPC812\CPP_CODES\lpc_chip_8xx\Debug\liblpc_chip_8xx.a(syscon_8xx.o)

.ARM.attributes
                0x00000000       0x31
 .ARM.attributes
                0x00000000       0x31 ./src/LPC812.o
 .ARM.attributes
                0x00000031       0x31 ./src/cr_startup_lpc8xx.o
 .ARM.attributes
                0x00000062       0x31 ./src/sysinit.o
 .ARM.attributes
                0x00000093       0x31 C:\Users\pc-hp\Documents\LPC812\CPP_CODES\lpc_chip_8xx\Debug\liblpc_chip_8xx.a(gpio_8xx.o)
 .ARM.attributes
                0x000000c4       0x31 C:\Users\pc-hp\Documents\LPC812\CPP_CODES\lpc_chip_8xx\Debug\liblpc_chip_8xx.a(sysinit_8xx.o)
 .ARM.attributes
                0x000000f5       0x31 C:\Users\pc-hp\Documents\LPC812\CPP_CODES\lpc_chip_8xx\Debug\liblpc_chip_8xx.a(clock_8xx.o)
 .ARM.attributes
                0x00000126       0x31 C:\Users\pc-hp\Documents\LPC812\CPP_CODES\lpc_chip_8xx\Debug\liblpc_chip_8xx.a(syscon_8xx.o)
 .ARM.attributes
                0x00000157       0x2c c:/nxp/lpcxpresso_7.6.2_326/lpcxpresso/tools/bin/../lib/gcc/arm-none-eabi/4.9.3/../../../../arm-none-eabi/lib/armv6-m\libc.a(lib_a-init.o)
 .ARM.attributes
                0x00000183       0x1e c:/nxp/lpcxpresso_7.6.2_326/lpcxpresso/tools/bin/../lib/gcc/arm-none-eabi/4.9.3/armv6-m\crti.o
 .ARM.attributes
                0x000001a1       0x1e c:/nxp/lpcxpresso_7.6.2_326/lpcxpresso/tools/bin/../lib/gcc/arm-none-eabi/4.9.3/armv6-m\crtn.o
 .ARM.attributes
                0x000001bf       0x2c c:/nxp/lpcxpresso_7.6.2_326/lpcxpresso/tools/bin/../lib/gcc/arm-none-eabi/4.9.3/armv6-m\crtbegin.o

.debug_frame    0x00000000      0x88c
 .debug_frame   0x00000000      0x1c8 ./src/LPC812.o
 .debug_frame   0x000001c8      0x118 ./src/cr_startup_lpc8xx.o
 .debug_frame   0x000002e0       0x2c ./src/sysinit.o
 .debug_frame   0x0000030c       0x90 C:\Users\pc-hp\Documents\LPC812\CPP_CODES\lpc_chip_8xx\Debug\liblpc_chip_8xx.a(gpio_8xx.o)
 .debug_frame   0x0000039c       0xe0 C:\Users\pc-hp\Documents\LPC812\CPP_CODES\lpc_chip_8xx\Debug\liblpc_chip_8xx.a(sysinit_8xx.o)
 .debug_frame   0x0000047c      0x354 C:\Users\pc-hp\Documents\LPC812\CPP_CODES\lpc_chip_8xx\Debug\liblpc_chip_8xx.a(clock_8xx.o)
 .debug_frame   0x000007d0       0x90 C:\Users\pc-hp\Documents\LPC812\CPP_CODES\lpc_chip_8xx\Debug\liblpc_chip_8xx.a(syscon_8xx.o)
 .debug_frame   0x00000860       0x2c c:/nxp/lpcxpresso_7.6.2_326/lpcxpresso/tools/bin/../lib/gcc/arm-none-eabi/4.9.3/../../../../arm-none-eabi/lib/armv6-m\libc.a(lib_a-init.o)
